******************************************************************************
                  TI ARM Linker PC v16.9.4                     
******************************************************************************
>> Linked Mon Jan 29 20:31:47 2018

OUTPUT FILE NAME:   <smarterHome_CC1350_LAUNCHXL_433_tirtos_ccs.out>
ENTRY POINT SYMBOL: "ResetISR"  address: 0000b601


MEMORY CONFIGURATION

         name            origin    length      used     unused   attr    fill
----------------------  --------  ---------  --------  --------  ----  --------
  FLASH                 00000000   00020000  0000e466  00011b9a  R  X
  SRAM                  20000000   00005000  00004ca0  00000360  RW X


SEGMENT ALLOCATION MAP

run origin  load origin   length   init length attrs members
----------  ----------- ---------- ----------- ----- -------
00000000    00000000    0000e418   0000e418    r-x
  00000000    00000000    0000003c   0000003c    r-- .resetVecs
  0000003c    0000003c    00000fc4   00000fc4    r-x .text.1
  00001000    00001000    0000003c   0000003c    r-- .const:ti_sysbios_knl_Task_Object__PARAMS__C
  0000103c    0000103c    00000034   00000034    r-- .const:ti_sysbios_knl_Mailbox_Object__PARAMS__C
  00001070    00001070    00000030   00000030    r-- .const:ti_sysbios_family_arm_m3_Hwi_Object__PARAMS__C
  000010a0    000010a0    0000002c   0000002c    r-- .const:ti_sysbios_hal_Hwi_Object__PARAMS__C
  000010cc    000010cc    00000028   00000028    r-- .const:ti_sysbios_heaps_HeapMem_Module__FXNS__C
  000010f4    000010f4    00000028   00000028    r-- .const:ti_sysbios_knl_Swi_Object__PARAMS__C
  0000111c    0000111c    00000024   00000024    r-- .const:ti_sysbios_gates_GateHwi_Module__FXNS__C
  00001140    00001140    00000024   00000024    r-- .const:ti_sysbios_gates_GateMutex_Module__FXNS__C
  00001164    00001164    00000024   00000024    r-- .const:ti_sysbios_heaps_HeapMem_Object__PARAMS__C
  00001188    00001188    00000024   00000024    r-- .const:ti_sysbios_knl_Clock_Object__PARAMS__C
  000011ac    000011ac    00000024   00000024    r-- .const:ti_sysbios_knl_Semaphore_Object__PARAMS__C
  000011d0    000011d0    00000020   00000020    r-- .const:ti_sysbios_family_arm_m3_Hwi_Object__DESC__C
  000011f0    000011f0    00000020   00000020    r-- .const:ti_sysbios_gates_GateHwi_Object__DESC__C
  00001210    00001210    00000020   00000020    r-- .const:ti_sysbios_gates_GateMutex_Object__DESC__C
  00001230    00001230    00000020   00000020    r-- .const:ti_sysbios_hal_Hwi_Object__DESC__C
  00001250    00001250    00000020   00000020    r-- .const:ti_sysbios_heaps_HeapMem_Object__DESC__C
  00001270    00001270    00000020   00000020    r-- .const:ti_sysbios_knl_Clock_Object__DESC__C
  00001290    00001290    00000020   00000020    r-- .const:ti_sysbios_knl_Mailbox_Object__DESC__C
  000012b0    000012b0    00000020   00000020    r-- .const:ti_sysbios_knl_Queue_Object__DESC__C
  000012d0    000012d0    00000020   00000020    r-- .const:ti_sysbios_knl_Semaphore_Object__DESC__C
  000012f0    000012f0    00000020   00000020    r-- .const:ti_sysbios_knl_Swi_Object__DESC__C
  00001310    00001310    00000020   00000020    r-- .const:ti_sysbios_knl_Task_Object__DESC__C
  00001330    00001330    00000018   00000018    r-- .const:ti_sysbios_gates_GateHwi_Object__PARAMS__C
  00001348    00001348    00000018   00000018    r-- .const:ti_sysbios_gates_GateMutex_Object__PARAMS__C
  00001360    00001360    00000018   00000018    r-- .const:ti_sysbios_knl_Queue_Object__PARAMS__C
  00001378    00001378    00000008   00000008    r-- .const:ti_sysbios_knl_Idle_funcList__C
  00001380    00001380    00000004   00000004    r-x .text.2
  00001384    00001384    00000004   00000004    r-- .const:ti_sysbios_family_arm_cc26xx_Timer_startupNeeded__C
  00001388    00001388    00000004   00000004    r-- .const:ti_sysbios_family_arm_m3_Hwi_E_alreadyDefined__C
  0000138c    0000138c    00000004   00000004    r-- .const:ti_sysbios_family_arm_m3_Hwi_E_hwiLimitExceeded__C
  00001390    00001390    00000004   00000004    r-- .const:ti_sysbios_family_arm_m3_Hwi_NUM_INTERRUPTS__C
  00001394    00001394    00000004   00000004    r-- .const:ti_sysbios_family_arm_m3_Hwi_Object__count__C
  00001398    00001398    00000004   00000004    r-- .const:ti_sysbios_family_arm_m3_Hwi_Object__table__C
  0000139c    0000139c    00000004   00000004    r-- .const:ti_sysbios_family_arm_m3_Hwi_ccr__C
  000013a0    000013a0    00000004   00000004    r-- .const:ti_sysbios_family_arm_m3_Hwi_excHandlerFunc__C
  000013a4    000013a4    00000004   00000004    r-- .const:ti_sysbios_family_arm_m3_Hwi_nullIsrFunc__C
  000013a8    000013a8    00000004   00000004    r-- .const:ti_sysbios_family_arm_m3_Hwi_numSparseInterrupts__C
  000013ac    000013ac    00000004   00000004    r-- .const:ti_sysbios_family_arm_m3_Hwi_priGroup__C
  000013b0    000013b0    00000004   00000004    r-- .const:ti_sysbios_family_arm_m3_TaskSupport_stackAlignment__C
  000013b4    000013b4    00000004   00000004    r-- .const:ti_sysbios_heaps_HeapMem_E_memory__C
  000013b8    000013b8    00000004   00000004    r-- .const:ti_sysbios_heaps_HeapMem_Module__gateObj__C
  000013bc    000013bc    00000004   00000004    r-- .const:ti_sysbios_heaps_HeapMem_Object__count__C
  000013c0    000013c0    00000004   00000004    r-- .const:ti_sysbios_heaps_HeapMem_Object__table__C
  000013c4    000013c4    00000004   00000004    r-- .const:ti_sysbios_heaps_HeapMem_reqAlign__C
  000013c8    000013c8    00000004   00000004    r-- .const:ti_sysbios_knl_Clock_serviceMargin__C
  000013cc    000013cc    00000004   00000004    r-- .const:ti_sysbios_knl_Mailbox_Object__count__C
  000013d0    000013d0    00000004   00000004    r-- .const:ti_sysbios_knl_Mailbox_Object__table__C
  000013d4    000013d4    00000004   00000004    r-- .const:ti_sysbios_knl_Mailbox_maxTypeAlign__C
  000013d8    000013d8    00000004   00000004    r-- .const:ti_sysbios_knl_Queue_Object__count__C
  000013dc    000013dc    00000004   00000004    r-- .const:ti_sysbios_knl_Queue_Object__table__C
  000013e0    000013e0    00000004   00000004    r-- .const:ti_sysbios_knl_Swi_Object__count__C
  000013e4    000013e4    00000004   00000004    r-- .const:ti_sysbios_knl_Swi_Object__table__C
  000013e8    000013e8    00000004   00000004    r-- .const:ti_sysbios_knl_Swi_numPriorities__C
  000013ec    000013ec    00000004   00000004    r-- .const:ti_sysbios_knl_Task_Object__count__C
  000013f0    000013f0    00000004   00000004    r-- .const:ti_sysbios_knl_Task_Object__table__C
  000013f4    000013f4    00000004   00000004    r-- .const:ti_sysbios_knl_Task_allBlockedFunc__C
  000013f8    000013f8    00000004   00000004    r-- .const:ti_sysbios_knl_Task_defaultStackHeap__C
  000013fc    000013fc    00000004   00000004    r-- .const:ti_sysbios_knl_Task_defaultStackSize__C
  00001400    00001400    00000004   00000004    r-- .const:ti_sysbios_knl_Task_numConstructedTasks__C
  00001404    00001404    00000002   00000002    r-x .text.3
  00001406    00001406    00000002   00000002    r-- .const:ti_sysbios_family_arm_cc26xx_Timer_Module__id__C
  00001408    00001408    00000002   00000002    r-- .const:ti_sysbios_family_arm_cc26xx_TimestampProvider_useClockTimer__C
  0000140a    0000140a    00000002   00000002    r-- .const:ti_sysbios_family_arm_m3_Hwi_Module__id__C
  0000140c    0000140c    00000002   00000002    r-- .const:ti_sysbios_gates_GateHwi_Module__id__C
  0000140e    0000140e    00000002   00000002    r-- .const:ti_sysbios_gates_GateMutex_Module__id__C
  00001410    00001410    00000002   00000002    r-- .const:ti_sysbios_heaps_HeapMem_Module__id__C
  00001412    00001412    00000002   00000002    r-- .const:ti_sysbios_knl_Task_initStackFlag__C
  00001414    00001414    00000001   00000001    r-- .const:ti_sysbios_knl_Clock_tickMode__C
  00001418    00001418    00000008   00000008    r-- .const:xdc_runtime_Startup_firstFxns__C
  00001420    00001420    00000008   00000008    r-- .const:xdc_runtime_Startup_lastFxns__C
  00001428    00001428    00000004   00000004    r-- .const:xdc_runtime_Assert_E_assertFailed__C
  0000142c    0000142c    00000004   00000004    r-- .const:xdc_runtime_Error_E_memory__C
  00001430    00001430    00000004   00000004    r-- .const:xdc_runtime_Error_policyFxn__C
  00001434    00001434    00000004   00000004    r-- .const:xdc_runtime_IGateProvider_Interface__BASE__C
  00001438    00001438    00000004   00000004    r-- .const:xdc_runtime_IHeap_Interface__BASE__C
  0000143c    0000143c    00000004   00000004    r-- .const:xdc_runtime_IModule_Interface__BASE__C
  00001440    00001440    00000004   00000004    r-- .const:xdc_runtime_Main_Module__diagsEnabled__C
  00001444    00001444    00000004   00000004    r-- .const:xdc_runtime_Main_Module__diagsIncluded__C
  00001448    00001448    00000004   00000004    r-- .const:xdc_runtime_Main_Module__diagsMask__C
  0000144c    0000144c    00000004   00000004    r-- .const:xdc_runtime_Memory_defaultHeapInstance__C
  00001450    00001450    00000004   00000004    r-- .const:xdc_runtime_Startup_execImpl__C
  00001454    00001454    00000004   00000004    r-- .const:xdc_runtime_Startup_maxPasses__C
  00001458    00001458    00000004   00000004    r-- .const:xdc_runtime_Startup_sfxnRts__C
  0000145c    0000145c    00000004   00000004    r-- .const:xdc_runtime_Startup_sfxnTab__C
  00001460    00001460    00000004   00000004    r-- .const:xdc_runtime_Startup_startModsFxn__C
  00001464    00001464    00000004   00000004    r-- .const:xdc_runtime_SysCallback_abortFxn__C
  00001468    00001468    00000004   00000004    r-- .const:xdc_runtime_SysCallback_exitFxn__C
  0000146c    0000146c    00000004   00000004    r-- .const:xdc_runtime_System_abortFxn__C
  00001470    00001470    00000004   00000004    r-- .const:xdc_runtime_System_exitFxn__C
  00001474    00001474    00000004   00000004    r-- .const:xdc_runtime_System_maxAtexitHandlers__C
  00001478    00001478    00000004   00000004    r-- .const:xdc_runtime_Text_charTab__C
  0000147c    0000147c    00000004   00000004    r-- .const:xdc_runtime_Text_nameEmpty__C
  00001480    00001480    00000004   00000004    r-- .const:xdc_runtime_Text_nameStatic__C
  00001484    00001484    00000004   00000004    r-- .const:xdc_runtime_Text_nameUnknown__C
  00001488    00001488    00000002   00000002    r-- .const:xdc_runtime_Main_Module__id__C
  0000148a    0000148a    00000002   00000002    r-- .const:xdc_runtime_Memory_Module__id__C
  0000148c    0000148c    00000002   00000002    r-- .const:xdc_runtime_Text_charCnt__C
  0000148e    0000148e    00000002   00000002    r-- .const:xdc_runtime_Text_isLoaded__C
  00001490    00001490    00000001   00000001    r-- .const:xdc_runtime_Error_policy__C
  00001494    00001494    00000004   00000004    r-- .const:ti_sysbios_rom_ROM_AONRTCChannelEnable
  00001498    00001498    00000004   00000004    r-- .const:ti_sysbios_rom_ROM_AONRTCCompareValueSet
  0000149c    0000149c    00000004   00000004    r-- .const:ti_sysbios_rom_ROM_AONRTCCurrentCompareValueGet
  000014a0    000014a0    00000004   00000004    r-- .const:ti_sysbios_rom_ROM_AONRTCEventClear
  000014a4    000014a4    00000004   00000004    r-- .const:ti_sysbios_rom_ROM_ti_sysbios_family_arm_cc26xx_Timer_getCount64__E
  000014a8    000014a8    00000004   00000004    r-- .const:ti_sysbios_rom_ROM_ti_sysbios_family_arm_cc26xx_Timer_getCurrentTick__E
  000014ac    000014ac    00000004   00000004    r-- .const:ti_sysbios_rom_ROM_ti_sysbios_family_arm_cc26xx_Timer_getMaxTicks__E
  000014b0    000014b0    00000004   00000004    r-- .const:ti_sysbios_rom_ROM_ti_sysbios_family_arm_cc26xx_Timer_initDevice__I
  000014b4    000014b4    00000004   00000004    r-- .const:ti_sysbios_rom_ROM_ti_sysbios_family_arm_cc26xx_Timer_setNextTick__E
  000014b8    000014b8    00000004   00000004    r-- .const:ti_sysbios_rom_ROM_ti_sysbios_family_arm_cc26xx_Timer_setThreshold__I
  000014bc    000014bc    00000004   00000004    r-- .const:ti_sysbios_rom_ROM_ti_sysbios_family_arm_cc26xx_Timer_start__E
  000014c0    000014c0    00000004   00000004    r-- .const:ti_sysbios_rom_ROM_ti_sysbios_family_arm_cc26xx_TimestampProvider_get32__E
  000014c4    000014c4    00000004   00000004    r-- .const:ti_sysbios_rom_ROM_xdc_runtime_Startup_getState__I
  000014c8    000014c8    00000004   00000004    r-- .const:ti_sysbios_rom_ROM_xdc_runtime_System_SupportProxy_abort__E
  000014cc    000014cc    00000004   00000004    r-- .const:ti_sysbios_rom_ROM_xdc_runtime_System_SupportProxy_exit__E
  000014d0    000014d0    00000004   00000004    r-- .const:ti_sysbios_gates_GateMutex_Instance_State_sem__O
  000014d4    000014d4    00000004   00000004    r-- .const:ti_sysbios_knl_Clock_Module_State_clockQ__O
  000014d8    000014d8    00000004   00000004    r-- .const:ti_sysbios_knl_Mailbox_Instance_State_dataQue__O
  000014dc    000014dc    00000004   00000004    r-- .const:ti_sysbios_knl_Mailbox_Instance_State_dataSem__O
  000014e0    000014e0    00000004   00000004    r-- .const:ti_sysbios_knl_Mailbox_Instance_State_freeQue__O
  000014e4    000014e4    00000004   00000004    r-- .const:ti_sysbios_knl_Mailbox_Instance_State_freeSem__O
  000014e8    000014e8    00000004   00000004    r-- .const:ti_sysbios_knl_Semaphore_Instance_State_pendQ__O
  000014ec    000014ec    00000004   00000004    r-- .const:ti_sysbios_knl_Task_Module_State_inactiveQ__O
  000014f0    000014f0    0000c498   0000c498    r-x .text.4
  0000d988    0000d988    00000744   00000744    r-- .const
  0000e0d0    0000e0d0    00000348   00000348    r-- .cinit
0001ffa8    0001ffa8    00000058   00000058    r--
  0001ffa8    0001ffa8    00000058   00000058    r-- .ccfg
20000100    20000100    00000104   00000000    rw-
  20000100    20000100    00000044   00000000    rw- .data:ti_sysbios_knl_Task_Module__state__V
  20000144    20000144    00000034   00000000    rw- .data:ti_sysbios_family_arm_m3_Hwi_Module__state__V
  20000178    20000178    0000002c   00000000    rw- .data:ti_sysbios_knl_Clock_Module__state__V
  200001a4    200001a4    00000024   00000000    rw- .data:ti_sysbios_BIOS_Module__state__V
  200001c8    200001c8    0000001c   00000000    rw- .data:ti_sysbios_knl_Swi_Module__state__V
  200001e4    200001e4    00000008   00000000    rw- .data:ti_sysbios_family_arm_cc26xx_Timer_Module__state__V
  200001ec    200001ec    00000004   00000000    rw- .data:ti_sysbios_family_arm_cc26xx_TimestampProvider_Module__state__V
  200001f0    200001f0    00000008   00000000    rw- .data:xdc_runtime_Startup_Module__state__V
  200001f8    200001f8    00000008   00000000    rw- .data:xdc_runtime_System_Module__state__V
  20000200    20000200    00000004   00000000    rw- .data:xdc_runtime_Memory_Module__state__V
20000430    20000430    00000010   00000000    rw-
  20000430    20000430    00000010   00000000    rw- .TI.bound:dmaSpi0RxControlTableEntry
20000440    20000440    00000010   00000000    rw-
  20000440    20000440    00000010   00000000    rw- .TI.bound:dmaSpi0TxControlTableEntry
20000500    20000500    00000010   00000000    rw-
  20000500    20000500    00000010   00000000    rw- .TI.bound:dmaSpi1RxControlTableEntry
20000510    20000510    00000010   00000000    rw-
  20000510    20000510    00000010   00000000    rw- .TI.bound:dmaSpi1TxControlTableEntry
20000520    20000520    00003000   00000000    r--
  20000520    20000520    00003000   00000000    r-- .priheap
20003520    20003520    0000169b   00000000    rw-
  20003520    20003520    00000ee1   00000000    rw- .bss
  20004408    20004408    000007b3   00000000    rw- .data
20004c00    20004c00    00000400   00000000    rw-
  20004c00    20004c00    00000400   00000000    rw- .stack


SECTION ALLOCATION MAP

 output                                  attributes/
section   page    origin      length       input sections
--------  ----  ----------  ----------   ----------------
.resetVecs 
*          0    00000000    0000003c     
                  00000000    0000003c     release_pem3.oem3 (.resetVecs)

.binit     0    00000000    00000000     

.text.1    0    0000003c    00000fc4     
                  0000003c    00000594     driver.obj (.text:_SlDrvMsgRead)
                  000005d0    0000033c     rom_sysbios.aem3 : rom_sysbios.obj (.text:xdc_runtime_System_doPrint__I)
                  0000090c    00000318     json.obj (.text:json_parse)
                  00000c24    0000030c     drivers_cc13x0.aem3 : PowerCC26XX_calibrateRCOSC.oem3 (.text:PowerCC26XX_auxISR)
                  00000f30    000000d0     driver.obj (.text:_SlRemoveFromList)

.const:ti_sysbios_knl_Task_Object__PARAMS__C 
*          0    00001000    0000003c     
                  00001000    0000003c     release_pem3.oem3 (.const:ti_sysbios_knl_Task_Object__PARAMS__C)

.const:ti_sysbios_knl_Mailbox_Object__PARAMS__C 
*          0    0000103c    00000034     
                  0000103c    00000034     release_pem3.oem3 (.const:ti_sysbios_knl_Mailbox_Object__PARAMS__C)

.const:ti_sysbios_family_arm_m3_Hwi_Object__PARAMS__C 
*          0    00001070    00000030     
                  00001070    00000030     release_pem3.oem3 (.const:ti_sysbios_family_arm_m3_Hwi_Object__PARAMS__C)

.const:ti_sysbios_hal_Hwi_Object__PARAMS__C 
*          0    000010a0    0000002c     
                  000010a0    0000002c     release_pem3.oem3 (.const:ti_sysbios_hal_Hwi_Object__PARAMS__C)

.const:ti_sysbios_heaps_HeapMem_Module__FXNS__C 
*          0    000010cc    00000028     
                  000010cc    00000028     release_pem3.oem3 (.const:ti_sysbios_heaps_HeapMem_Module__FXNS__C)

.const:ti_sysbios_knl_Swi_Object__PARAMS__C 
*          0    000010f4    00000028     
                  000010f4    00000028     release_pem3.oem3 (.const:ti_sysbios_knl_Swi_Object__PARAMS__C)

.const:ti_sysbios_gates_GateHwi_Module__FXNS__C 
*          0    0000111c    00000024     
                  0000111c    00000024     release_pem3.oem3 (.const:ti_sysbios_gates_GateHwi_Module__FXNS__C)

.const:ti_sysbios_gates_GateMutex_Module__FXNS__C 
*          0    00001140    00000024     
                  00001140    00000024     release_pem3.oem3 (.const:ti_sysbios_gates_GateMutex_Module__FXNS__C)

.const:ti_sysbios_heaps_HeapMem_Object__PARAMS__C 
*          0    00001164    00000024     
                  00001164    00000024     release_pem3.oem3 (.const:ti_sysbios_heaps_HeapMem_Object__PARAMS__C)

.const:ti_sysbios_knl_Clock_Object__PARAMS__C 
*          0    00001188    00000024     
                  00001188    00000024     release_pem3.oem3 (.const:ti_sysbios_knl_Clock_Object__PARAMS__C)

.const:ti_sysbios_knl_Semaphore_Object__PARAMS__C 
*          0    000011ac    00000024     
                  000011ac    00000024     release_pem3.oem3 (.const:ti_sysbios_knl_Semaphore_Object__PARAMS__C)

.const:ti_sysbios_family_arm_m3_Hwi_Object__DESC__C 
*          0    000011d0    00000020     
                  000011d0    00000020     release_pem3.oem3 (.const:ti_sysbios_family_arm_m3_Hwi_Object__DESC__C)

.const:ti_sysbios_gates_GateHwi_Object__DESC__C 
*          0    000011f0    00000020     
                  000011f0    00000020     release_pem3.oem3 (.const:ti_sysbios_gates_GateHwi_Object__DESC__C)

.const:ti_sysbios_gates_GateMutex_Object__DESC__C 
*          0    00001210    00000020     
                  00001210    00000020     release_pem3.oem3 (.const:ti_sysbios_gates_GateMutex_Object__DESC__C)

.const:ti_sysbios_hal_Hwi_Object__DESC__C 
*          0    00001230    00000020     
                  00001230    00000020     release_pem3.oem3 (.const:ti_sysbios_hal_Hwi_Object__DESC__C)

.const:ti_sysbios_heaps_HeapMem_Object__DESC__C 
*          0    00001250    00000020     
                  00001250    00000020     release_pem3.oem3 (.const:ti_sysbios_heaps_HeapMem_Object__DESC__C)

.const:ti_sysbios_knl_Clock_Object__DESC__C 
*          0    00001270    00000020     
                  00001270    00000020     release_pem3.oem3 (.const:ti_sysbios_knl_Clock_Object__DESC__C)

.const:ti_sysbios_knl_Mailbox_Object__DESC__C 
*          0    00001290    00000020     
                  00001290    00000020     release_pem3.oem3 (.const:ti_sysbios_knl_Mailbox_Object__DESC__C)

.const:ti_sysbios_knl_Queue_Object__DESC__C 
*          0    000012b0    00000020     
                  000012b0    00000020     release_pem3.oem3 (.const:ti_sysbios_knl_Queue_Object__DESC__C)

.const:ti_sysbios_knl_Semaphore_Object__DESC__C 
*          0    000012d0    00000020     
                  000012d0    00000020     release_pem3.oem3 (.const:ti_sysbios_knl_Semaphore_Object__DESC__C)

.const:ti_sysbios_knl_Swi_Object__DESC__C 
*          0    000012f0    00000020     
                  000012f0    00000020     release_pem3.oem3 (.const:ti_sysbios_knl_Swi_Object__DESC__C)

.const:ti_sysbios_knl_Task_Object__DESC__C 
*          0    00001310    00000020     
                  00001310    00000020     release_pem3.oem3 (.const:ti_sysbios_knl_Task_Object__DESC__C)

.const:ti_sysbios_gates_GateHwi_Object__PARAMS__C 
*          0    00001330    00000018     
                  00001330    00000018     release_pem3.oem3 (.const:ti_sysbios_gates_GateHwi_Object__PARAMS__C)

.const:ti_sysbios_gates_GateMutex_Object__PARAMS__C 
*          0    00001348    00000018     
                  00001348    00000018     release_pem3.oem3 (.const:ti_sysbios_gates_GateMutex_Object__PARAMS__C)

.const:ti_sysbios_knl_Queue_Object__PARAMS__C 
*          0    00001360    00000018     
                  00001360    00000018     release_pem3.oem3 (.const:ti_sysbios_knl_Queue_Object__PARAMS__C)

.const:ti_sysbios_knl_Idle_funcList__C 
*          0    00001378    00000008     
                  00001378    00000008     release_pem3.oem3 (.const:ti_sysbios_knl_Idle_funcList__C)

.text.2    0    00001380    00000004     
                  00001380    00000004     dpl_cc13x0.aem3 : PowerCC26XX_tirtos.oem3 (.text:CPUwfi)

.const:ti_sysbios_family_arm_cc26xx_Timer_startupNeeded__C 
*          0    00001384    00000004     
                  00001384    00000004     release_pem3.oem3 (.const:ti_sysbios_family_arm_cc26xx_Timer_startupNeeded__C)

.const:ti_sysbios_family_arm_m3_Hwi_E_alreadyDefined__C 
*          0    00001388    00000004     
                  00001388    00000004     release_pem3.oem3 (.const:ti_sysbios_family_arm_m3_Hwi_E_alreadyDefined__C)

.const:ti_sysbios_family_arm_m3_Hwi_E_hwiLimitExceeded__C 
*          0    0000138c    00000004     
                  0000138c    00000004     release_pem3.oem3 (.const:ti_sysbios_family_arm_m3_Hwi_E_hwiLimitExceeded__C)

.const:ti_sysbios_family_arm_m3_Hwi_NUM_INTERRUPTS__C 
*          0    00001390    00000004     
                  00001390    00000004     release_pem3.oem3 (.const:ti_sysbios_family_arm_m3_Hwi_NUM_INTERRUPTS__C)

.const:ti_sysbios_family_arm_m3_Hwi_Object__count__C 
*          0    00001394    00000004     
                  00001394    00000004     release_pem3.oem3 (.const:ti_sysbios_family_arm_m3_Hwi_Object__count__C)

.const:ti_sysbios_family_arm_m3_Hwi_Object__table__C 
*          0    00001398    00000004     
                  00001398    00000004     release_pem3.oem3 (.const:ti_sysbios_family_arm_m3_Hwi_Object__table__C)

.const:ti_sysbios_family_arm_m3_Hwi_ccr__C 
*          0    0000139c    00000004     
                  0000139c    00000004     release_pem3.oem3 (.const:ti_sysbios_family_arm_m3_Hwi_ccr__C)

.const:ti_sysbios_family_arm_m3_Hwi_excHandlerFunc__C 
*          0    000013a0    00000004     
                  000013a0    00000004     release_pem3.oem3 (.const:ti_sysbios_family_arm_m3_Hwi_excHandlerFunc__C)

.const:ti_sysbios_family_arm_m3_Hwi_nullIsrFunc__C 
*          0    000013a4    00000004     
                  000013a4    00000004     release_pem3.oem3 (.const:ti_sysbios_family_arm_m3_Hwi_nullIsrFunc__C)

.const:ti_sysbios_family_arm_m3_Hwi_numSparseInterrupts__C 
*          0    000013a8    00000004     
                  000013a8    00000004     release_pem3.oem3 (.const:ti_sysbios_family_arm_m3_Hwi_numSparseInterrupts__C)

.const:ti_sysbios_family_arm_m3_Hwi_priGroup__C 
*          0    000013ac    00000004     
                  000013ac    00000004     release_pem3.oem3 (.const:ti_sysbios_family_arm_m3_Hwi_priGroup__C)

.const:ti_sysbios_family_arm_m3_TaskSupport_stackAlignment__C 
*          0    000013b0    00000004     
                  000013b0    00000004     release_pem3.oem3 (.const:ti_sysbios_family_arm_m3_TaskSupport_stackAlignment__C)

.const:ti_sysbios_heaps_HeapMem_E_memory__C 
*          0    000013b4    00000004     
                  000013b4    00000004     release_pem3.oem3 (.const:ti_sysbios_heaps_HeapMem_E_memory__C)

.const:ti_sysbios_heaps_HeapMem_Module__gateObj__C 
*          0    000013b8    00000004     
                  000013b8    00000004     release_pem3.oem3 (.const:ti_sysbios_heaps_HeapMem_Module__gateObj__C)

.const:ti_sysbios_heaps_HeapMem_Object__count__C 
*          0    000013bc    00000004     
                  000013bc    00000004     release_pem3.oem3 (.const:ti_sysbios_heaps_HeapMem_Object__count__C)

.const:ti_sysbios_heaps_HeapMem_Object__table__C 
*          0    000013c0    00000004     
                  000013c0    00000004     release_pem3.oem3 (.const:ti_sysbios_heaps_HeapMem_Object__table__C)

.const:ti_sysbios_heaps_HeapMem_reqAlign__C 
*          0    000013c4    00000004     
                  000013c4    00000004     release_pem3.oem3 (.const:ti_sysbios_heaps_HeapMem_reqAlign__C)

.const:ti_sysbios_knl_Clock_serviceMargin__C 
*          0    000013c8    00000004     
                  000013c8    00000004     release_pem3.oem3 (.const:ti_sysbios_knl_Clock_serviceMargin__C)

.const:ti_sysbios_knl_Mailbox_Object__count__C 
*          0    000013cc    00000004     
                  000013cc    00000004     release_pem3.oem3 (.const:ti_sysbios_knl_Mailbox_Object__count__C)

.const:ti_sysbios_knl_Mailbox_Object__table__C 
*          0    000013d0    00000004     
                  000013d0    00000004     release_pem3.oem3 (.const:ti_sysbios_knl_Mailbox_Object__table__C)

.const:ti_sysbios_knl_Mailbox_maxTypeAlign__C 
*          0    000013d4    00000004     
                  000013d4    00000004     release_pem3.oem3 (.const:ti_sysbios_knl_Mailbox_maxTypeAlign__C)

.const:ti_sysbios_knl_Queue_Object__count__C 
*          0    000013d8    00000004     
                  000013d8    00000004     release_pem3.oem3 (.const:ti_sysbios_knl_Queue_Object__count__C)

.const:ti_sysbios_knl_Queue_Object__table__C 
*          0    000013dc    00000004     
                  000013dc    00000004     release_pem3.oem3 (.const:ti_sysbios_knl_Queue_Object__table__C)

.const:ti_sysbios_knl_Swi_Object__count__C 
*          0    000013e0    00000004     
                  000013e0    00000004     release_pem3.oem3 (.const:ti_sysbios_knl_Swi_Object__count__C)

.const:ti_sysbios_knl_Swi_Object__table__C 
*          0    000013e4    00000004     
                  000013e4    00000004     release_pem3.oem3 (.const:ti_sysbios_knl_Swi_Object__table__C)

.const:ti_sysbios_knl_Swi_numPriorities__C 
*          0    000013e8    00000004     
                  000013e8    00000004     release_pem3.oem3 (.const:ti_sysbios_knl_Swi_numPriorities__C)

.const:ti_sysbios_knl_Task_Object__count__C 
*          0    000013ec    00000004     
                  000013ec    00000004     release_pem3.oem3 (.const:ti_sysbios_knl_Task_Object__count__C)

.const:ti_sysbios_knl_Task_Object__table__C 
*          0    000013f0    00000004     
                  000013f0    00000004     release_pem3.oem3 (.const:ti_sysbios_knl_Task_Object__table__C)

.const:ti_sysbios_knl_Task_allBlockedFunc__C 
*          0    000013f4    00000004     
                  000013f4    00000004     release_pem3.oem3 (.const:ti_sysbios_knl_Task_allBlockedFunc__C)

.const:ti_sysbios_knl_Task_defaultStackHeap__C 
*          0    000013f8    00000004     
                  000013f8    00000004     release_pem3.oem3 (.const:ti_sysbios_knl_Task_defaultStackHeap__C)

.const:ti_sysbios_knl_Task_defaultStackSize__C 
*          0    000013fc    00000004     
                  000013fc    00000004     release_pem3.oem3 (.const:ti_sysbios_knl_Task_defaultStackSize__C)

.const:ti_sysbios_knl_Task_numConstructedTasks__C 
*          0    00001400    00000004     
                  00001400    00000004     release_pem3.oem3 (.const:ti_sysbios_knl_Task_numConstructedTasks__C)

.text.3    0    00001404    00000002     
                  00001404    00000002     drivers_cc13x0.aem3 : PWMTimerCC26XX.oem3 (.text:PWMTimerCC26XX_init)

.const:ti_sysbios_family_arm_cc26xx_Timer_Module__id__C 
*          0    00001406    00000002     
                  00001406    00000002     release_pem3.oem3 (.const:ti_sysbios_family_arm_cc26xx_Timer_Module__id__C)

.const:ti_sysbios_family_arm_cc26xx_TimestampProvider_useClockTimer__C 
*          0    00001408    00000002     
                  00001408    00000002     release_pem3.oem3 (.const:ti_sysbios_family_arm_cc26xx_TimestampProvider_useClockTimer__C)

.const:ti_sysbios_family_arm_m3_Hwi_Module__id__C 
*          0    0000140a    00000002     
                  0000140a    00000002     release_pem3.oem3 (.const:ti_sysbios_family_arm_m3_Hwi_Module__id__C)

.const:ti_sysbios_gates_GateHwi_Module__id__C 
*          0    0000140c    00000002     
                  0000140c    00000002     release_pem3.oem3 (.const:ti_sysbios_gates_GateHwi_Module__id__C)

.const:ti_sysbios_gates_GateMutex_Module__id__C 
*          0    0000140e    00000002     
                  0000140e    00000002     release_pem3.oem3 (.const:ti_sysbios_gates_GateMutex_Module__id__C)

.const:ti_sysbios_heaps_HeapMem_Module__id__C 
*          0    00001410    00000002     
                  00001410    00000002     release_pem3.oem3 (.const:ti_sysbios_heaps_HeapMem_Module__id__C)

.const:ti_sysbios_knl_Task_initStackFlag__C 
*          0    00001412    00000002     
                  00001412    00000002     release_pem3.oem3 (.const:ti_sysbios_knl_Task_initStackFlag__C)

.const:ti_sysbios_knl_Clock_tickMode__C 
*          0    00001414    00000001     
                  00001414    00000001     release_pem3.oem3 (.const:ti_sysbios_knl_Clock_tickMode__C)

.const:xdc_runtime_Startup_firstFxns__C 
*          0    00001418    00000008     
                  00001418    00000008     release_pem3.oem3 (.const:xdc_runtime_Startup_firstFxns__C)

.const:xdc_runtime_Startup_lastFxns__C 
*          0    00001420    00000008     
                  00001420    00000008     release_pem3.oem3 (.const:xdc_runtime_Startup_lastFxns__C)

.const:xdc_runtime_Assert_E_assertFailed__C 
*          0    00001428    00000004     
                  00001428    00000004     release_pem3.oem3 (.const:xdc_runtime_Assert_E_assertFailed__C)

.const:xdc_runtime_Error_E_memory__C 
*          0    0000142c    00000004     
                  0000142c    00000004     release_pem3.oem3 (.const:xdc_runtime_Error_E_memory__C)

.const:xdc_runtime_Error_policyFxn__C 
*          0    00001430    00000004     
                  00001430    00000004     release_pem3.oem3 (.const:xdc_runtime_Error_policyFxn__C)

.const:xdc_runtime_IGateProvider_Interface__BASE__C 
*          0    00001434    00000004     
                  00001434    00000004     release_pem3.oem3 (.const:xdc_runtime_IGateProvider_Interface__BASE__C)

.const:xdc_runtime_IHeap_Interface__BASE__C 
*          0    00001438    00000004     
                  00001438    00000004     release_pem3.oem3 (.const:xdc_runtime_IHeap_Interface__BASE__C)

.const:xdc_runtime_IModule_Interface__BASE__C 
*          0    0000143c    00000004     
                  0000143c    00000004     release_pem3.oem3 (.const:xdc_runtime_IModule_Interface__BASE__C)

.const:xdc_runtime_Main_Module__diagsEnabled__C 
*          0    00001440    00000004     
                  00001440    00000004     release_pem3.oem3 (.const:xdc_runtime_Main_Module__diagsEnabled__C)

.const:xdc_runtime_Main_Module__diagsIncluded__C 
*          0    00001444    00000004     
                  00001444    00000004     release_pem3.oem3 (.const:xdc_runtime_Main_Module__diagsIncluded__C)

.const:xdc_runtime_Main_Module__diagsMask__C 
*          0    00001448    00000004     
                  00001448    00000004     release_pem3.oem3 (.const:xdc_runtime_Main_Module__diagsMask__C)

.const:xdc_runtime_Memory_defaultHeapInstance__C 
*          0    0000144c    00000004     
                  0000144c    00000004     release_pem3.oem3 (.const:xdc_runtime_Memory_defaultHeapInstance__C)

.const:xdc_runtime_Startup_execImpl__C 
*          0    00001450    00000004     
                  00001450    00000004     release_pem3.oem3 (.const:xdc_runtime_Startup_execImpl__C)

.const:xdc_runtime_Startup_maxPasses__C 
*          0    00001454    00000004     
                  00001454    00000004     release_pem3.oem3 (.const:xdc_runtime_Startup_maxPasses__C)

.const:xdc_runtime_Startup_sfxnRts__C 
*          0    00001458    00000004     
                  00001458    00000004     release_pem3.oem3 (.const:xdc_runtime_Startup_sfxnRts__C)

.const:xdc_runtime_Startup_sfxnTab__C 
*          0    0000145c    00000004     
                  0000145c    00000004     release_pem3.oem3 (.const:xdc_runtime_Startup_sfxnTab__C)

.const:xdc_runtime_Startup_startModsFxn__C 
*          0    00001460    00000004     
                  00001460    00000004     release_pem3.oem3 (.const:xdc_runtime_Startup_startModsFxn__C)

.const:xdc_runtime_SysCallback_abortFxn__C 
*          0    00001464    00000004     
                  00001464    00000004     release_pem3.oem3 (.const:xdc_runtime_SysCallback_abortFxn__C)

.const:xdc_runtime_SysCallback_exitFxn__C 
*          0    00001468    00000004     
                  00001468    00000004     release_pem3.oem3 (.const:xdc_runtime_SysCallback_exitFxn__C)

.const:xdc_runtime_System_abortFxn__C 
*          0    0000146c    00000004     
                  0000146c    00000004     release_pem3.oem3 (.const:xdc_runtime_System_abortFxn__C)

.const:xdc_runtime_System_exitFxn__C 
*          0    00001470    00000004     
                  00001470    00000004     release_pem3.oem3 (.const:xdc_runtime_System_exitFxn__C)

.const:xdc_runtime_System_maxAtexitHandlers__C 
*          0    00001474    00000004     
                  00001474    00000004     release_pem3.oem3 (.const:xdc_runtime_System_maxAtexitHandlers__C)

.const:xdc_runtime_Text_charTab__C 
*          0    00001478    00000004     
                  00001478    00000004     release_pem3.oem3 (.const:xdc_runtime_Text_charTab__C)

.const:xdc_runtime_Text_nameEmpty__C 
*          0    0000147c    00000004     
                  0000147c    00000004     release_pem3.oem3 (.const:xdc_runtime_Text_nameEmpty__C)

.const:xdc_runtime_Text_nameStatic__C 
*          0    00001480    00000004     
                  00001480    00000004     release_pem3.oem3 (.const:xdc_runtime_Text_nameStatic__C)

.const:xdc_runtime_Text_nameUnknown__C 
*          0    00001484    00000004     
                  00001484    00000004     release_pem3.oem3 (.const:xdc_runtime_Text_nameUnknown__C)

.const:xdc_runtime_Main_Module__id__C 
*          0    00001488    00000002     
                  00001488    00000002     release_pem3.oem3 (.const:xdc_runtime_Main_Module__id__C)

.const:xdc_runtime_Memory_Module__id__C 
*          0    0000148a    00000002     
                  0000148a    00000002     release_pem3.oem3 (.const:xdc_runtime_Memory_Module__id__C)

.const:xdc_runtime_Text_charCnt__C 
*          0    0000148c    00000002     
                  0000148c    00000002     release_pem3.oem3 (.const:xdc_runtime_Text_charCnt__C)

.const:xdc_runtime_Text_isLoaded__C 
*          0    0000148e    00000002     
                  0000148e    00000002     release_pem3.oem3 (.const:xdc_runtime_Text_isLoaded__C)

.const:xdc_runtime_Error_policy__C 
*          0    00001490    00000001     
                  00001490    00000001     release_pem3.oem3 (.const:xdc_runtime_Error_policy__C)

.const:ti_sysbios_rom_ROM_AONRTCChannelEnable 
*          0    00001494    00000004     
                  00001494    00000004     release_pem3.oem3 (.const:ti_sysbios_rom_ROM_AONRTCChannelEnable)

.const:ti_sysbios_rom_ROM_AONRTCCompareValueSet 
*          0    00001498    00000004     
                  00001498    00000004     release_pem3.oem3 (.const:ti_sysbios_rom_ROM_AONRTCCompareValueSet)

.const:ti_sysbios_rom_ROM_AONRTCCurrentCompareValueGet 
*          0    0000149c    00000004     
                  0000149c    00000004     release_pem3.oem3 (.const:ti_sysbios_rom_ROM_AONRTCCurrentCompareValueGet)

.const:ti_sysbios_rom_ROM_AONRTCEventClear 
*          0    000014a0    00000004     
                  000014a0    00000004     release_pem3.oem3 (.const:ti_sysbios_rom_ROM_AONRTCEventClear)

.const:ti_sysbios_rom_ROM_ti_sysbios_family_arm_cc26xx_Timer_getCount64__E 
*          0    000014a4    00000004     
                  000014a4    00000004     release_pem3.oem3 (.const:ti_sysbios_rom_ROM_ti_sysbios_family_arm_cc26xx_Timer_getCount64__E)

.const:ti_sysbios_rom_ROM_ti_sysbios_family_arm_cc26xx_Timer_getCurrentTick__E 
*          0    000014a8    00000004     
                  000014a8    00000004     release_pem3.oem3 (.const:ti_sysbios_rom_ROM_ti_sysbios_family_arm_cc26xx_Timer_getCurrentTick__E)

.const:ti_sysbios_rom_ROM_ti_sysbios_family_arm_cc26xx_Timer_getMaxTicks__E 
*          0    000014ac    00000004     
                  000014ac    00000004     release_pem3.oem3 (.const:ti_sysbios_rom_ROM_ti_sysbios_family_arm_cc26xx_Timer_getMaxTicks__E)

.const:ti_sysbios_rom_ROM_ti_sysbios_family_arm_cc26xx_Timer_initDevice__I 
*          0    000014b0    00000004     
                  000014b0    00000004     release_pem3.oem3 (.const:ti_sysbios_rom_ROM_ti_sysbios_family_arm_cc26xx_Timer_initDevice__I)

.const:ti_sysbios_rom_ROM_ti_sysbios_family_arm_cc26xx_Timer_setNextTick__E 
*          0    000014b4    00000004     
                  000014b4    00000004     release_pem3.oem3 (.const:ti_sysbios_rom_ROM_ti_sysbios_family_arm_cc26xx_Timer_setNextTick__E)

.const:ti_sysbios_rom_ROM_ti_sysbios_family_arm_cc26xx_Timer_setThreshold__I 
*          0    000014b8    00000004     
                  000014b8    00000004     release_pem3.oem3 (.const:ti_sysbios_rom_ROM_ti_sysbios_family_arm_cc26xx_Timer_setThreshold__I)

.const:ti_sysbios_rom_ROM_ti_sysbios_family_arm_cc26xx_Timer_start__E 
*          0    000014bc    00000004     
                  000014bc    00000004     release_pem3.oem3 (.const:ti_sysbios_rom_ROM_ti_sysbios_family_arm_cc26xx_Timer_start__E)

.const:ti_sysbios_rom_ROM_ti_sysbios_family_arm_cc26xx_TimestampProvider_get32__E 
*          0    000014c0    00000004     
                  000014c0    00000004     release_pem3.oem3 (.const:ti_sysbios_rom_ROM_ti_sysbios_family_arm_cc26xx_TimestampProvider_get32__E)

.const:ti_sysbios_rom_ROM_xdc_runtime_Startup_getState__I 
*          0    000014c4    00000004     
                  000014c4    00000004     release_pem3.oem3 (.const:ti_sysbios_rom_ROM_xdc_runtime_Startup_getState__I)

.const:ti_sysbios_rom_ROM_xdc_runtime_System_SupportProxy_abort__E 
*          0    000014c8    00000004     
                  000014c8    00000004     release_pem3.oem3 (.const:ti_sysbios_rom_ROM_xdc_runtime_System_SupportProxy_abort__E)

.const:ti_sysbios_rom_ROM_xdc_runtime_System_SupportProxy_exit__E 
*          0    000014cc    00000004     
                  000014cc    00000004     release_pem3.oem3 (.const:ti_sysbios_rom_ROM_xdc_runtime_System_SupportProxy_exit__E)

.const:ti_sysbios_gates_GateMutex_Instance_State_sem__O 
*          0    000014d0    00000004     
                  000014d0    00000004     release_pem3.oem3 (.const:ti_sysbios_gates_GateMutex_Instance_State_sem__O)

.const:ti_sysbios_knl_Clock_Module_State_clockQ__O 
*          0    000014d4    00000004     
                  000014d4    00000004     release_pem3.oem3 (.const:ti_sysbios_knl_Clock_Module_State_clockQ__O)

.const:ti_sysbios_knl_Mailbox_Instance_State_dataQue__O 
*          0    000014d8    00000004     
                  000014d8    00000004     release_pem3.oem3 (.const:ti_sysbios_knl_Mailbox_Instance_State_dataQue__O)

.const:ti_sysbios_knl_Mailbox_Instance_State_dataSem__O 
*          0    000014dc    00000004     
                  000014dc    00000004     release_pem3.oem3 (.const:ti_sysbios_knl_Mailbox_Instance_State_dataSem__O)

.const:ti_sysbios_knl_Mailbox_Instance_State_freeQue__O 
*          0    000014e0    00000004     
                  000014e0    00000004     release_pem3.oem3 (.const:ti_sysbios_knl_Mailbox_Instance_State_freeQue__O)

.const:ti_sysbios_knl_Mailbox_Instance_State_freeSem__O 
*          0    000014e4    00000004     
                  000014e4    00000004     release_pem3.oem3 (.const:ti_sysbios_knl_Mailbox_Instance_State_freeSem__O)

.const:ti_sysbios_knl_Semaphore_Instance_State_pendQ__O 
*          0    000014e8    00000004     
                  000014e8    00000004     release_pem3.oem3 (.const:ti_sysbios_knl_Semaphore_Instance_State_pendQ__O)

.const:ti_sysbios_knl_Task_Module_State_inactiveQ__O 
*          0    000014ec    00000004     
                  000014ec    00000004     release_pem3.oem3 (.const:ti_sysbios_knl_Task_Module_State_inactiveQ__O)

.text.4    0    000014f0    0000c498     
                  000014f0    00001102     rtsv7M3_T_le_eabi.lib : _printfi.obj (.text)
                  000025f2    00000002     drivers_cc13x0.aem3 : PowerCC26XX.oem3 (.text:emptyClockFunc)
                  000025f4    000002f4                         : SPICC26XXDMA.oem3 (.text:SPICC26XXDMA_transfer)
                  000028e8    00000260     wlan.obj (.text:sl_WlanConnect)
                  00002b48    00000228     driverlib.lib : sys_ctrl.obj (.text:NOROM_SysCtrlSetRechargeBeforePowerDown)
                  00002d70    00000224     drivers_cc13x0.aem3 : PowerCC26XX.oem3 (.text:Power_sleep)
                  00002f94    000001fc     driver.obj (.text:_SlDrvRxHdrRead)
                  00003190    000001f4     rtsv7M3_T_le_eabi.lib : ull_div_t2.obj (.text)
                  00003384    000001f0     driver.obj (.text:_SlDrvReleasePoolObj)
                  00003574    000001e8     driver.obj (.text:_SlDrvDataReadOp)
                  0000375c    000001d4     MQTTConnectClient.obj (.text:MQTTSerialize_connect)
                  00003930    000001c4     rtsv7M3_T_le_eabi.lib : fopen.obj (.text)
                  00003af4    000001bc     drivers_cc13x0.aem3 : PINCC26XX.oem3 (.text:PIN_init)
                  00003cb0    000001b6     MQTTClient.obj (.text:cycle)
                  00003e66    000001b6     rtsv7M3_T_le_eabi.lib : fd_add_t2.obj (.text)
                  0000401c    000001b4     driver.obj (.text:_SlDrvDriverCBInit)
                  000041d0    0000019c     driver.obj (.text:_SlDrvMsgWrite)
                  0000436c    0000019c     driver.obj (.text:_SlDrvWaitForPoolObj)
                  00004508    00000190     drivers_cc13x0.aem3 : PowerCC26XX_calibrateRCOSC.oem3 (.text:PowerCC26XX_doCalibrate)
                  00004698    0000018c     json.obj (.text:json_parse_string)
                  00004824    00000180     driver.obj (.text:_SlFindAndSetActiveObj)
                  000049a4    0000017c     spawn.obj (.text:_SlInternalSpawnTaskEntry)
                  00004b20    0000016c     socket.obj (.text:sl_Connect)
                  00004c8c    00000168     release_pem3.oem3 (.text:xdc_runtime_System_printfExtend__I)
                  00004df4    0000015c     driver.obj (.text:_SlDrvDataWriteOp)
                  00004f50    0000015c     rom_sysbios.aem3 : rom_sysbios.obj (.text:mq_open)
                  000050ac    00000158     drivers_cc13x0.aem3 : SPICC26XXDMA.oem3 (.text:SPICC26XXDMA_initIO)
                  00005204    0000014c     MQTTClient.obj (.text:MQTTPublish)
                  00005350    00000136     rtsv7M3_T_le_eabi.lib : fd_div_t2.obj (.text)
                  00005486    00000002                           : i_div0.obj (.text)
                  00005488    00000134                           : fputs.obj (.text)
                  000055bc    00000130     driverlib.lib : setup_rom.obj (.text:NOROM_SetupAfterColdResetWakeupFromShutDownCfg3)
                  000056ec    00000130     netapp.obj (.text:sl_NetAppDnsGetHostByName)
                  0000581c    00000124     drivers_cc13x0.aem3 : SPICC26XXDMA.oem3 (.text:SPICC26XXDMA_open)
                  00005940    00000124     driver.obj (.text:_SlDrvMsgReadCmdCtx)
                  00005a64    00000118     socket.obj (.text:sl_Send)
                  00005b7c    00000114     drivers_cc13x0.aem3 : PowerCC26XX.oem3 (.text:Power_init)
                  00005c90    00000108     app_mqtt.obj (.text:ConnectToMQTTServer)
                  00005d98    00000108     MQTTSubscribeClient.obj (.text:MQTTSerialize_subscribe)
                  00005ea0    00000106     MQTTClient.obj (.text:MQTTSetMessageHandler)
                  00005fa6    00000104     netapp.obj (.text:_SlDrvNetAppEventHandler)
                  000060aa    000000fc     rtsv7M3_T_le_eabi.lib : fd_mul_t2.obj (.text)
                  000061a6    00000002     rom_sysbios.aem3 : rom_sysbios.obj (.text:ti_sysbios_BIOS_linkedWithIncorrectBootLibrary__E)
                  000061a8    000000f8     MQTTClient.obj (.text:MQTTSubscribeWithResults)
                  000062a0    000000f8     app_user.obj (.text:json_get_parts)
                  00006398    000000f0     MQTTClient.obj (.text:MQTTConnectWithResults)
                  00006488    000000f0     driverlib.lib : setup_rom.obj (.text:NOROM_SetupAfterColdResetWakeupFromShutDownCfg2)
                  00006578    000000ec     drivers_cc13x0.aem3 : PWMTimerCC26XX.oem3 (.text:PWMTimerCC26XX_open)
                  00006664    000000ec     MQTTClient.obj (.text:readPacket)
                  00006750    000000e8     app_user.obj (.text:GatewayHandler)
                  00006838    000000e8     drivers_cc13x0.aem3 : SPICC26XXDMA.oem3 (.text:SPICC26XXDMA_transferCancel)
                  00006920    000000e8     driver.obj (.text:_SlAsyncEventGenericHandler)
                  00006a08    000000e4     dpl_cc13x0.aem3 : PowerCC26XX_tirtos.oem3 (.text:PowerCC26XX_standbyPolicy)
                  00006aec    000000e4     rom_sysbios.aem3 : rom_sysbios.obj (.text:pthread_create)
                  00006bd0    000000e0     MQTTCC3100.obj (.text:ConnectNetwork)
                  00006cb0    000000e0     device.obj (.text:sl_Start)
                  00006d90    000000dc     MQTTSerializePublish.obj (.text:MQTTSerialize_publish)
                  00006e6c    000000dc     drivers_cc13x0.aem3 : PINCC26XX.oem3 (.text:PINCC26XX_setIoCfg)
                  00006f48    000000dc     driver.obj (.text:_SlDrvClassifyRxMsg)
                  00007024    000000dc     rtsv7M3_T_le_eabi.lib : setvbuf.obj (.text)
                  00007100    000000d6     MQTTClient.obj (.text:deliverMessage)
                  000071d6    00000002     release_pem3.oem3 (.text:ti_sysbios_BIOS_nullFunc__I)
                  000071d8    000000d4     driver.obj (.text:_SlDrvMsgReadSpawnCtx)
                  000072ac    000000d0     rtsv7M3_T_le_eabi.lib : s_scalbn.obj (.text)
                  0000737c    000000cc     netapp.obj (.text:_sl_HandleAsync_DnsGetHostByService)
                  00007448    000000c8     json.obj (.text:json_parse_primitive)
                  00007510    000000c8     rtsv7M3_T_le_eabi.lib : fflush.obj (.text)
                  000075d8    000000c4     driverlib.lib : setup.obj (.text:TrimAfterColdResetWakeupFromShutDown)
                  0000769c    000000c0     driver.obj (.text:_SlDrvCmdOp)
                  0000775c    000000c0     spawn.obj (.text:_SlInternalSpawn)
                  0000781c    000000bc     drivers_cc13x0.aem3 : GPTimerCC26XX.oem3 (.text:GPTimerCC26XX_open)
                  000078d8    000000bc     MQTTDeserializePublish.obj (.text:MQTTDeserialize_publish)
                  00007994    000000bc     drivers_cc13x0.aem3 : PowerCC26XX.oem3 (.text:Power_releaseDependency)
                  00007a50    000000bc     rtsv7M3_T_le_eabi.lib : open.obj (.text)
                  00007b0c    000000b8     MQTTConnectClient.obj (.text:MQTTSerialize_connectLength)
                  00007bc4    000000b8     app_main.obj (.text:MainThread)
                  00007c7c    000000b4     drivers_cc13x0.aem3 : PowerCC26XX.oem3 (.text:Power_setDependency)
                  00007d30    000000b4     MQTTClient.obj (.text:isTopicMatched)
                  00007de4    000000ac     MQTTSubscribeClient.obj (.text:MQTTDeserialize_suback)
                  00007e90    000000ac     rtsv7M3_T_le_eabi.lib : _io_perm.obj (.text)
                  00007f3c    000000a8     driverlib.lib : setup.obj (.text:NOROM_SetupTrimDevice)
                  00007fe4    000000a8     rom_sysbios.aem3 : rom_sysbios.obj (.text:clock_gettime)
                  0000808c    000000a6     drivers_cc13x0.aem3 : SPICC26XXDMA.oem3 (.text:SPICC26XXDMA_hwiFxn)
                  00008132    00000002     rom_sysbios.aem3 : rom_sysbios.obj (.text:ti_sysbios_knl_Clock_triggerFunc__I)
                  00008134    000000a4     driverlib.lib : setup_rom.obj (.text:NOROM_SetupAfterColdResetWakeupFromShutDownCfg1)
                  000081d8    000000a4     drivers_cc13x0.aem3 : PowerCC26XX.oem3 (.text:switchXOSCHFclockFunc)
                  0000827c    000000a0                         : GPTimerCC26XX.oem3 (.text:GPTimerCC26XX_close)
                  0000831c    000000a0     driver.obj (.text:_SlDriverHandleError)
                  000083bc    000000a0     auto_init.aem3 : auto_init.oem3 (.text)
                  0000845c    000000a0     rom_sysbios.aem3 : rom_sysbios.obj (.text:ti_sysbios_knl_Task_setPri__E)
                  000084fc    0000009c     MQTTSerializePublish.obj (.text:MQTTSerialize_ack)
                  00008598    0000009c     rtsv7M3_T_le_eabi.lib : memcpy_t2.obj (.text)
                  00008634    0000009a     device.obj (.text:_SlDrvDeviceEventHandler)
                  000086ce    00000002     release_pem3.oem3 (.text:ti_sysbios_rom_cortexm_cc13xx_CC13xx_badRomRevision__E)
                  000086d0    00000098     drivers_cc13x0.aem3 : PINCC26XX.oem3 (.text:PIN_open)
                  00008768    00000098     rtsv7M3_T_le_eabi.lib : fclose.obj (.text)
                  00008800    00000098                           : fputc.obj (.text)
                  00008898    00000098     rom_sysbios.aem3 : rom_sysbios.obj (.text:ti_sysbios_knl_Clock_workFuncDynamic__E)
                  00008930    00000096     MQTTClient.obj (.text:MQTTClientInit)
                  000089c6    00000002     rom_sysbios.aem3 : rom_sysbios.obj (.text:xdc_runtime_SysCallback_defaultAbort)
                  000089c8    00000094     app_wifi.obj (.text:connectToAp)
                  00008a5c    00000090     MQTTConnectClient.obj (.text:MQTTDeserialize_connack)
                  00008aec    00000090     drivers_cc13x0.aem3 : SPICC26XXDMA.oem3 (.text:SPICC26XXDMA_control)
                  00008b7c    00000090     netapp.obj (.text:_sl_HandleAsync_DnsGetHostByName)
                  00008c0c    00000090     netapp.obj (.text:_sl_HandleAsync_PingResponse)
                  00008c9c    00000090     app_wifi.obj (.text:queryForNetwork)
                  00008d2c    0000008c     wlan.obj (.text:sl_WlanGetNetworkList)
                  00008db8    00000088     app_mqtt.obj (.text:MqttThread)
                  00008e40    00000088     app_wifi.obj (.text:WifiThread)
                  00008ec8    00000088     rom_sysbios.aem3 : rom_sysbios.obj (.text:_pthread_removeThreadKeys)
                  00008f50    00000088     socket.obj (.text:sl_Recv)
                  00008fd8    00000086     rtsv7M3_T_le_eabi.lib : fd_cmp_t2.obj (.text:__aeabi_cdcmple)
                  0000905e    00000086                           : fd_cmp_t2.obj (.text:__aeabi_cdrcmple)
                  000090e4    00000084     MQTTClient.obj (.text:sendPacket)
                  00009168    00000080     user.obj (.text:Dim)
                  000091e8    00000080     drivers_cc13x0.aem3 : PWMTimerCC26XX.oem3 (.text:PWMTimerCC26XX_setPeriod)
                  00009268    00000080     socket.obj (.text:_sl_HandleAsync_Connect)
                  000092e8    00000080     device.obj (.text:_sl_HandleAsync_InitComplete)
                  00009368    00000080     MQTTClient.obj (.text:decodePacket)
                  000093e8    0000007c     MQTTDeserializePublish.obj (.text:MQTTDeserialize_ack)
                  00009464    0000007c     rom_sysbios.aem3 : rom_sysbios.obj (.text:_pthread_abstime2ticks)
                  000094e0    0000007c     socket.obj (.text:sl_SetSockOpt)
                  0000955c    0000007a     rtsv7M3_T_le_eabi.lib : memset_t2.obj (.text)
                  000095d6    00000002     rom_sysbios.aem3 : rom_sysbios.obj (.text:xdc_runtime_SysCallback_defaultExit)
                  000095d8    00000078     wlan.obj (.text:sl_WlanPolicySet)
                  00009650    00000074     driverlib.lib : setup_rom.obj (.text:NOROM_SetupSetVddrLevel)
                  000096c4    00000074     app_wifi.obj (.text:ensureWifiConnectedToAP)
                  00009738    00000074     MQTTClient.obj (.text:keepalive)
                  000097ac    00000074     rom_sysbios.aem3 : rom_sysbios.obj (.text:ti_sysbios_family_arm_cc26xx_Timer_start__E)
                  00009820    00000070     user.obj (.text:UserInit)
                  00009890    00000070     driver.obj (.text:_SlDrvCmdSend)
                  00009900    00000070     MQTTCC3100.obj (.text:cc3100_read)
                  00009970    00000070     rtsv7M3_T_le_eabi.lib : getdevice.obj (.text)
                  000099e0    00000070                           : printf.obj (.text)
                  00009a50    00000070     socket.obj (.text:sl_Socket)
                  00009ac0    00000070     spi.obj (.text:spi_Open)
                  00009b30    0000006d     rom_sysbios.aem3 : rom_sysbios.obj (.text:xdc_runtime_System_formatNum__I)
                  00009b9d    00000001     --HOLE-- [fill = 0]
                  00009b9e    0000006c     CC1350_LAUNCHXL_433.obj (.text:CC1350_LAUNCHXL_433_sendExtFlashByte)
                  00009c0a    00000002     --HOLE-- [fill = 0]
                  00009c0c    0000006c     MQTTConnectClient.obj (.text:MQTTSerialize_zero)
                  00009c78    0000006c     drivers_cc13x0.aem3 : PowerCC26XX_calibrateRCOSC.oem3 (.text:PowerCC26XX_initiateCalibration)
                  00009ce4    0000006c     netapp.obj (.text:_sl_NetAppSendTokenValue)
                  00009d50    0000006c     rtsv7M3_T_le_eabi.lib : hostrename.obj (.text)
                  00009dbc    00000068     MQTTPacket.obj (.text:MQTTPacket_decode)
                  00009e24    00000068     driverlib.lib : setup_rom.obj (.text:NOROM_SetupGetTrimForAmpcompCtrl)
                  00009e8c    00000068                   : setup_rom.obj (.text:NOROM_SetupGetTrimForAnabypassValue1)
                  00009ef4    00000068                   : sys_ctrl.obj (.text:NOROM_SysCtrlAdjustRechargeAfterPowerDown)
                  00009f5c    00000068                   : sys_ctrl.obj (.text:NOROM_SysCtrl_DCDC_VoltageConditionalControl)
                  00009fc4    00000068     rom_sysbios.aem3 : rom_sysbios.obj (.text:_pthread_runStub)
                  0000a02c    00000068     rtsv7M3_T_le_eabi.lib : copy_decompress_lzss.obj (.text:decompress:lzss)
                  0000a094    00000068     drivers_cc13x0.aem3 : PowerCC26XX.oem3 (.text:lfClockReadyCallback)
                  0000a0fc    00000068     rtsv7M3_T_le_eabi.lib : hostlseek.obj (.text)
                  0000a164    00000068                           : trgmsg.obj (.text)
                  0000a1cc    00000064     MQTTSubscribeClient.obj (.text:MQTTSerialize_subscribeLength)
                  0000a230    00000064     driverlib.lib : osc.obj (.text:NOROM_OSCHF_AttemptToSwitchToXosc)
                  0000a294    00000064     drivers_cc13x0.aem3 : PINCC26XX.oem3 (.text:PIN_add)
                  0000a2f8    00000064     socket.obj (.text:_sl_HandleAsync_Accept)
                  0000a35c    00000064     drivers_cc13x0.aem3 : PowerCC26XX.oem3 (.text:configureXOSCHF)
                  0000a3c0    00000064     rom_sysbios.aem3 : rom_sysbios.obj (.text:pthread_mutex_init)
                  0000a424    00000064     rtsv7M3_T_le_eabi.lib : fseek.obj (.text)
                  0000a488    00000060     driverlib.lib : osc.obj (.text:NOROM_OSCClockSourceSet)
                  0000a4e8    00000060     threads.obj (.text:SysCreateThread)
                  0000a548    00000060     rtsv7M3_T_le_eabi.lib : hostopen.obj (.text)
                  0000a5a8    00000060                           : sprintf.obj (.text)
                  0000a608    0000005e     rom_sysbios.aem3 : rom_sysbios.obj (.text:acquireMutexNone$25)
                  0000a666    0000005c     MQTTPacket.obj (.text:MQTTPacket_equals)
                  0000a6c2    00000002     --HOLE-- [fill = 0]
                  0000a6c4    0000005c     drivers_cc13x0.aem3 : PowerCC26XX_calibrateRCOSC.oem3 (.text:PowerCC26XX_RCOSC_clockFunc)
                  0000a720    0000005c                         : PowerCC26XX.oem3 (.text:PowerCC26XX_calibrate)
                  0000a77c    0000005c                         : UDMACC26XX.oem3 (.text:UDMACC26XX_open)
                  0000a7d8    0000005c     app_user.obj (.text:UserThread)
                  0000a834    0000005c     main_tirtos.obj (.text:main)
                  0000a890    0000005c     rtsv7M3_T_le_eabi.lib : close.obj (.text)
                  0000a8ec    0000005c                           : s_frexp.obj (.text)
                  0000a948    0000005c     rom_sysbios.aem3 : rom_sysbios.obj (.text:ti_sysbios_heaps_HeapMem_initPrimary__I)
                  0000a9a4    0000005c     release_pem3.oem3 (.text:xdc_runtime_Startup_getState__I)
                  0000aa00    0000005a     drivers_cc13x0.aem3 : SPICC26XXDMA.oem3 (.text:SPICC26XXDMA_close)
                  0000aa5a    0000005a     MQTTPacket.obj (.text:readMQTTLenString)
                  0000aab4    00000058     drivers_cc13x0.aem3 : GPTimerCC26XX.oem3 (.text:GPTimerCC26XX_stop)
                  0000ab0c    00000058                         : PINCC26XX.oem3 (.text:PIN_remove)
                  0000ab64    00000058                         : SPICC26XXDMA.oem3 (.text:SPICC26XXDMA_initHw)
                  0000abbc    00000058     rtsv7M3_T_le_eabi.lib : hostread.obj (.text)
                  0000ac14    00000058                           : hostwrite.obj (.text)
                  0000ac6c    00000058     extensions.obj (.text:sem_wait_time)
                  0000acc4    00000056     MQTTPacket.obj (.text:MQTTPacket_encode)
                  0000ad1a    00000056     drivers_cc13x0.aem3 : SPICC26XXDMA.oem3 (.text:SPICC26XXDMA_swiFxn)
                  0000ad70    00000054     app_mqtt.obj (.text:PublishMqtt)
                  0000adc4    00000054     driver.obj (.text:_SlDrvRxIrqHandler)
                  0000ae18    00000054     socket.obj (.text:_sl_HandleAsync_Select)
                  0000ae6c    00000054     rtsv7M3_T_le_eabi.lib : ltoa.obj (.text)
                  0000aec0    00000050     driverlib.lib : setup_rom.obj (.text:NOROM_SetupSetCacheModeAccordingToCcfgSetting)
                  0000af10    00000050     device.obj (.text:_sl_HandleAsync_Stop)
                  0000af60    00000050     MQTTPacket.obj (.text:writeMQTTString)
                  0000afb0    0000004c     CC1350_LAUNCHXL_433.obj (.text:CC1350_LAUNCHXL_433_shutDownExtFlash)
                  0000affc    0000004c     drivers_cc13x0.aem3 : GPTimerCC26XX.oem3 (.text:GPTimerCC26XX_start)
                  0000b048    0000004c     MQTTPacket.obj (.text:MQTTPacket_len)
                  0000b094    0000004c     drivers_cc13x0.aem3 : PWMTimerCC26XX.oem3 (.text:PWMTimerCC26XX_getdutyCounts)
                  0000b0e0    0000004c     app_wifi_evt.obj (.text:SimpleLinkNetAppEventHandler)
                  0000b12c    0000004c     app_mqtt.obj (.text:SubscribeMqtt)
                  0000b178    0000004c     driver.obj (.text:_SlDrvProtectAsyncRespSetting)
                  0000b1c4    0000004c     socket.obj (.text:_sl_BuildAddress)
                  0000b210    0000004c     rtsv7M3_T_le_eabi.lib : atoi.obj (.text)
                  0000b25c    0000004c                           : cpy_tbl.obj (.text)
                  0000b2a8    0000004c     spi.obj (.text:spi_Read)
                  0000b2f4    0000004c     spi.obj (.text:spi_Write)
                  0000b340    00000048     dpl_cc13x0.aem3 : ClockP_tirtos.oem3 (.text:ClockP_construct)
                  0000b388    00000048     mqueue.obj (.text:SysCreateQueue)
                  0000b3d0    00000048     driver.obj (.text:_SlDrvBasicCmd)
                  0000b418    00000048     MQTTCC3100.obj (.text:cc3100_write)
                  0000b460    00000048     json.obj (.text:jsoneq)
                  0000b4a8    00000048     rtsv7M3_T_le_eabi.lib : fd_toi_t2.obj (.text)
                  0000b4f0    00000044     app_user.obj (.text:OnAppStart)
                  0000b534    00000044     drivers_cc13x0.aem3 : SPICC26XXDMA.oem3 (.text:SPICC26XXDMA_csnCallback)
                  0000b578    00000044     user.obj (.text:Toggle)
                  0000b5bc    00000044     user.obj (.text:TurnOff)
                  0000b600    00000044     boot.aem3 : boot.oem3 (.text)
                  0000b644    00000044     drivers_cc13x0.aem3 : PowerCC26XX.oem3 (.text:notify)
                  0000b688    00000044     rtsv7M3_T_le_eabi.lib : fd_tou_t2.obj (.text)
                  0000b6cc    00000044                           : hostclose.obj (.text)
                  0000b710    00000044                           : hostunlink.obj (.text)
                  0000b754    00000044     socket.obj (.text:sl_Close)
                  0000b798    00000044     rom_sysbios.aem3 : rom_sysbios.obj (.text:ti_sysbios_family_arm_cc26xx_Seconds_getTime__E)
                  0000b7dc    00000044                      : rom_sysbios.obj (.text:xdc_runtime_SysMin_flush__E)
                  0000b820    00000042     user.obj (.text:TempState)
                  0000b862    00000042     socket.obj (.text:sl_Htonl)
                  0000b8a4    00000040     drivers_cc13x0.aem3 : PINCC26XX.oem3 (.text:PINCC26XX_getConfig)
                  0000b8e4    00000040                         : PINCC26XX.oem3 (.text:PIN_swi)
                  0000b924    00000040                         : PWMTimerCC26XX.oem3 (.text:PWMTimerCC26XX_setDuty)
                  0000b964    00000040                         : PWM.oem3 (.text:PWM_init)
                  0000b9a4    00000040                         : PWM.oem3 (.text:PWM_open)
                  0000b9e4    00000040                         : SPI.oem3 (.text:SPI_init)
                  0000ba24    00000040                         : SPI.oem3 (.text:SPI_open)
                  0000ba64    00000040     driver.obj (.text:_SlDrvSyncObjWaitTimeout)
                  0000baa4    00000040     socket.obj (.text:_sl_TruncatePayloadByProtocol)
                  0000bae4    00000040     cc3100_device.obj (.text:cc3100_init)
                  0000bb24    00000040     json.obj (.text:json_alloc_token)
                  0000bb64    00000040     rtsv7M3_T_le_eabi.lib : u_divt2.obj (.text)
                  0000bba4    00000040     rom_sysbios.aem3 : rom_sysbios.obj (.text:ti_sysbios_family_arm_cc26xx_Timer_setThreshold__I)
                  0000bbe4    00000040     MQTTPacket.obj (.text:writeInt)
                  0000bc24    0000003e     dpl_cc13x0.aem3 : HwiP_tirtos.oem3 (.text:HwiP_construct)
                  0000bc62    0000003e     MQTTSerializePublish.obj (.text:MQTTSerialize_publishLength)
                  0000bca0    0000003c     netapp.obj (.text:CopyPingResultsToReport)
                  0000bcdc    0000003c     MQTTClient.obj (.text:MQTTRun)
                  0000bd18    0000003c     driverlib.lib : chipinfo.obj (.text:NOROM_ChipInfo_GetHwRevision)
                  0000bd54    0000003c                   : osc.obj (.text:NOROM_OSC_HPOSCRelativeFrequencyOffsetGet)
                  0000bd90    0000003c     app_wifi_evt.obj (.text:SimpleLinkWlanEventHandler)
                  0000bdcc    0000003c     dpl_cc13x0.aem3 : SwiP_tirtos.oem3 (.text:SwiP_construct)
                  0000be08    0000003c     MQTTPacket.obj (.text:bufchar)
                  0000be44    0000003c     drivers_cc13x0.aem3 : PowerCC26XX.oem3 (.text:disableLfClkQualifiersEnableClkLoss)
                  0000be80    0000003c     socket.obj (.text:sl_Htons)
                  0000bebc    0000003c     rom_sysbios.aem3 : rom_sysbios.obj (.text:ti_sysbios_family_arm_m3_Hwi_construct2__E)
                  0000bef8    00000038     drivers_cc13x0.aem3 : PINCC26XX.oem3 (.text:PIN_setOutputValue)
                  0000bf30    00000038     user.obj (.text:TurnOn)
                  0000bf68    00000038     rom_sysbios.aem3 : rom_sysbios.obj (.text:pthread_mutex_unlock)
                  0000bfa0    00000038     rtsv7M3_T_le_eabi.lib : fs_tod_t2.obj (.text)
                  0000bfd8    00000038     MQTTClient.obj (.text:waitfor)
                  0000c010    00000036     drivers_cc13x0.aem3 : UDMACC26XX.oem3 (.text:UDMACC26XX_close)
                  0000c046    00000036     rtsv7M3_T_le_eabi.lib : strncpy.obj (.text)
                  0000c07c    00000034     drivers_cc13x0.aem3 : GPTimerCC26XX.oem3 (.text:GPTimerCC26XXSetLoadMatch)
                  0000c0b0    00000034     MQTTClient.obj (.text:MQTTCleanSession)
                  0000c0e4    00000034     driverlib.lib : osc.obj (.text:NOROM_OSCHF_SwitchToRcOscTurnOffXosc)
                  0000c118    00000034     drivers_cc13x0.aem3 : PINCC26XX.oem3 (.text:PIN_setConfig)
                  0000c14c    00000034                         : PINCC26XX.oem3 (.text:PIN_setInterrupt)
                  0000c180    00000034                         : PowerCC26XX.oem3 (.text:Power_releaseConstraint)
                  0000c1b4    00000034     rom_sysbios.aem3 : rom_sysbios.obj (.text:ti_sysbios_family_arm_cc26xx_Timer_initDevice__I)
                  0000c1e8    00000034                      : rom_sysbios.obj (.text:xdc_runtime_SysMin_putch__E)
                  0000c21c    00000032     app_wifi_evt.obj (.text:SimpleLinkSockEventHandler)
                  0000c24e    00000032     rom_sysbios.aem3 : rom_sysbios.obj (.text:ti_sysbios_family_arm_cc26xx_Timer_setNextTick__E)
                  0000c280    00000030     drivers_cc13x0.aem3 : GPTimerCC26XX.oem3 (.text:GPTimerCC26XX_configureDebugStall)
                  0000c2b0    00000030     driverlib.lib : chipinfo.obj (.text:NOROM_ChipInfo_GetChipType)
                  0000c2e0    00000030                   : setup_rom.obj (.text:NOROM_SetupSetAonRtcSubSecInc)
                  0000c310    00000030     MQTTCC3100.obj (.text:NewNetwork)
                  0000c340    00000030     drivers_cc13x0.aem3 : PowerCC26XX.oem3 (.text:Power_setConstraint)
                  0000c370    00000030     release_pem3.oem3 (.text:ti_sysbios_BIOS_atExitFunc__I)
                  0000c3a0    00000030     release_pem3.oem3 (.text:ti_sysbios_BIOS_startFunc__I)
                  0000c3d0    00000030     rom_sysbios.aem3 : rom_sysbios.obj (.text:ti_sysbios_family_arm_cc26xx_Timer_getCurrentTick__E)
                  0000c400    00000030                      : rom_sysbios.obj (.text:xdc_runtime_SysMin_abort__E)
                  0000c430    0000002e     rtsv7M3_T_le_eabi.lib : i_tofd_t2.obj (.text)
                  0000c45e    0000002e     release_pem3.oem3 (.text:ti_sysbios_rts_gnu_MemAlloc_alloc)
                  0000c48c    0000002e     MQTTPacket.obj (.text:writeCString)
                  0000c4ba    00000002     --HOLE-- [fill = 0]
                  0000c4bc    0000002c     cc3100_device.obj (.text:CC3100_InterruptEnable)
                  0000c4e8    0000002c     MQTTClient.obj (.text:MQTTSubscribeWithCorrelation)
                  0000c514    0000002c     MQTTPacket.obj (.text:MQTTstrlen)
                  0000c540    0000002c     driverlib.lib : ddi.obj (.text:NOROM_DDI32RegWrite)
                  0000c56c    0000002c                   : osc.obj (.text:NOROM_OSCClockSourceGet)
                  0000c598    0000002c                   : setup_rom.obj (.text:NOROM_SetupGetTrimForRadcExtCfg)
                  0000c5c4    0000002c     drivers_cc13x0.aem3 : PINCC26XX.oem3 (.text:PINCC26XX_setMux)
                  0000c5f0    0000002c                         : PWMTimerCC26XX.oem3 (.text:PWMTimerCC26XX_close)
                  0000c61c    0000002c     dpl_cc13x0.aem3 : SemaphoreP_tirtos.oem3 (.text:SemaphoreP_constructBinary)
                  0000c648    0000002c     mqueue.obj (.text:SysPublishToQueue)
                  0000c674    0000002c     mqueue.obj (.text:SysWaitOnQueue)
                  0000c6a0    0000002c     json.obj (.text:json_fill_token)
                  0000c6cc    0000002c     rtsv7M3_T_le_eabi.lib : unlink.obj (.text)
                  0000c6f8    0000002c     rom_sysbios.aem3 : rom_sysbios.obj (.text:ti_sysbios_knl_Clock_getTicksUntilInterrupt__E)
                  0000c724    0000002a                      : rom_sysbios.obj (.text:xdc_runtime_System_putchar__I)
                  0000c74e    00000002     --HOLE-- [fill = 0]
                  0000c750    00000028     cc3100_device.obj (.text:IrqCallback)
                  0000c778    00000028     driverlib.lib : aon_batmon.obj (.text:NOROM_AONBatMonTemperatureGetDegC)
                  0000c7a0    00000028     drivers_cc13x0.aem3 : PowerCC26XX.oem3 (.text:Power_registerNotify)
                  0000c7c8    00000028                         : SPICC26XXDMA.oem3 (.text:SPICC26XXDMA_flushFifos)
                  0000c7f0    00000028     driverlib.lib : adi.obj (.text:SafeHapiVoid)
                  0000c818    00000028     MQTTCC3100.obj (.text:TimerLeftMS)
                  0000c840    00000028     driver.obj (.text:_SlDrvObjGlobalLockWaitForever)
                  0000c868    00000028     driver.obj (.text:_SlDrvProtectionObjLockWaitForever)
                  0000c890    00000028     driver.obj (.text:_SlDrvProtectionObjUnLock)
                  0000c8b8    00000028     rom_sysbios.aem3 : rom_sysbios.obj (.text:findInList$29)
                  0000c8e0    00000028                      : rom_sysbios.obj (.text:mq_receive)
                  0000c908    00000028     MQTTPacket.obj (.text:readInt)
                  0000c930    00000028     rtsv7M3_T_le_eabi.lib : lseek.obj (.text)
                  0000c958    00000028                           : strncmp.obj (.text)
                  0000c980    00000028                           : write.obj (.text)
                  0000c9a8    00000024     drivers_cc13x0.aem3 : PWMTimerCC26XX.oem3 (.text:PWMTimerCC26XX_start)
                  0000c9cc    00000024     MQTTCC3100.obj (.text:TimerCountdown)
                  0000c9f0    00000024     MQTTCC3100.obj (.text:TimerIsExpired)
                  0000ca14    00000024     driver.obj (.text:_SlDrvGlobalObjUnLock)
                  0000ca38    00000024     driver.obj (.text:_SlDrvSyncObjWaitForever)
                  0000ca5c    00000024     MQTTClient.obj (.text:getNextPacketId)
                  0000ca80    00000024     rom_sysbios.aem3 : rom_sysbios.obj (.text:pthread_attr_init)
                  0000caa4    00000024                      : rom_sysbios.obj (.text:pthread_mutex_destroy)
                  0000cac8    00000024     cc3100_device.obj (.text:registerInterruptHandler)
                  0000caec    00000024     release_pem3.oem3 (.text:ti_sysbios_BIOS_registerRTSLock__I)
                  0000cb10    00000024     release_pem3.oem3 (.text:ti_sysbios_BIOS_removeRTSLock__I)
                  0000cb34    00000024     rom_sysbios.aem3 : rom_sysbios.obj (.text:ti_sysbios_family_arm_cc26xx_Timer_getMaxTicks__E)
                  0000cb58    00000024                      : rom_sysbios.obj (.text:xdc_runtime_System_vprintf__E)
                  0000cb7c    00000022     drivers_cc13x0.aem3 : List.oem3 (.text:List_put)
                  0000cb9e    00000022     MQTTClient.obj (.text:NewMessageData)
                  0000cbc0    00000022     socket.obj (.text:SL_FD_SET)
                  0000cbe2    00000022     rom_sysbios.aem3 : rom_sysbios.obj (.text:mq_send)
                  0000cc04    00000022                      : rom_sysbios.obj (.text:sem_timedwait)
                  0000cc26    00000022     release_pem3.oem3 (.text:xdc_runtime_SysMin_output__I)
                  0000cc48    00000020     MQTTPacket.obj (.text:MQTTPacket_decodeBuf)
                  0000cc68    00000020     driverlib.lib : setup_rom.obj (.text:NOROM_SetupGetTrimForXoscHfCtl)
                  0000cc88    00000020     drivers_cc13x0.aem3 : PWMTimerCC26XX.oem3 (.text:PWMTimerCC26XX_stop)
                  0000cca8    00000020     dpl_cc13x0.aem3 : PowerCC26XX_tirtos.oem3 (.text:PowerCC26XX_schedulerDisable)
                  0000ccc8    00000020                     : PowerCC26XX_tirtos.oem3 (.text:PowerCC26XX_schedulerRestore)
                  0000cce8    00000020     drivers_cc13x0.aem3 : PowerCC26XX.oem3 (.text:Power_unregisterNotify)
                  0000cd08    00000020     MQTTPacket.obj (.text:readChar)
                  0000cd28    00000020     rtsv7M3_T_le_eabi.lib : memchr.obj (.text)
                  0000cd48    00000020     wlan.obj (.text:sl_WlanDisconnect)
                  0000cd68    00000020     rom_sysbios.aem3 : rom_sysbios.obj (.text:sleep)
                  0000cd88    00000020     release_pem3.oem3 (.text:ti_sysbios_BIOS_rtsLock__I)
                  0000cda8    00000020     rom_sysbios.aem3 : rom_sysbios.obj (.text:ti_sysbios_family_arm_cc26xx_Timer_dynamicStub__E)
                  0000cdc8    00000020                      : rom_sysbios.obj (.text:ti_sysbios_knl_Clock_stop__E)
                  0000cde8    00000020     MQTTPacket.obj (.text:writeChar)
                  0000ce08    00000020     rom_sysbios.aem3 : rom_sysbios.obj (.text:xdc_runtime_Error_policyMin__E)
                  0000ce28    00000020                      : rom_sysbios.obj (.text:xdc_runtime_SysMin_Module_startup__E)
                  0000ce48    0000001e     MQTTClient.obj (.text:MQTTCloseSession)
                  0000ce66    0000001e     drivers_cc13x0.aem3 : PINCC26XX.oem3 (.text:PIN_close)
                  0000ce84    0000001e                         : PowerCC26XX.oem3 (.text:Power_getTransitionLatency)
                  0000cea2    0000001e     driver.obj (.text:_SlDrvObjLockWaitForever)
                  0000cec0    0000001e     driver.obj (.text:_SlDrvObjUnLock)
                  0000cede    0000001e     driver.obj (.text:_SlDrvSyncObjSignal)
                  0000cefc    0000001e     json.obj (.text:json_init)
                  0000cf1a    0000001c     MQTTCC3100.obj (.text:MutexInit)
                  0000cf36    00000002     --HOLE-- [fill = 0]
                  0000cf38    0000001c     driverlib.lib : chipinfo.obj (.text:NOROM_ChipInfo_GetChipFamily)
                  0000cf54    0000001c                   : setup_rom.obj (.text:NOROM_SetupGetTrimForAmpcompTh2)
                  0000cf70    0000001c                   : setup_rom.obj (.text:NOROM_SetupGetTrimForRcOscLfRtuneCtuneTrim)
                  0000cf8c    0000001c     drivers_cc13x0.aem3 : PINCC26XX.oem3 (.text:PINCC26XX_setIoCfgMux)
                  0000cfa8    0000001c                         : PINCC26XX.oem3 (.text:PIN_hwi)
                  0000cfc4    0000001c     MQTTCC3100.obj (.text:TimerCountdownMS)
                  0000cfe0    0000001c     rom_sysbios.aem3 : rom_sysbios.obj (.text:getClockTicks$28)
                  0000cffc    0000001c                      : rom_sysbios.obj (.text:ti_sysbios_knl_Swi_construct2__E)
                  0000d018    0000001c                      : rom_sysbios.obj (.text:usleep)
                  0000d034    0000001c                      : rom_sysbios.obj (.text:xdc_runtime_SysMin_exit__E)
                  0000d050    0000001a     drivers_cc13x0.aem3 : PWMTimerCC26XX.oem3 (.text:PWMTimerCC26XX_control)
                  0000d06a    0000001a     rtsv7M3_T_le_eabi.lib : memccpy.obj (.text)
                  0000d084    0000001a     rom_sysbios.aem3 : rom_sysbios_config.obj (.text:xdc_runtime_System_printf__E)
                  0000d09e    00000002     --HOLE-- [fill = 0]
                  0000d0a0    00000018     CC1350_LAUNCHXL_433.obj (.text:CC1350_LAUNCHXL_433_initGeneral)
                  0000d0b8    00000018     MQTTClient.obj (.text:MQTTStartTask)
                  0000d0d0    00000018     driverlib.lib : aon_rtc.obj (.text:NOROM_AONRTCCurrentCompareValueGet)
                  0000d0e8    00000018                   : chipinfo.obj (.text:NOROM_ChipInfo_GetPackageType)
                  0000d100    00000018                   : osc.obj (.text:NOROM_OSCHF_TurnOnXosc)
                  0000d118    00000018                   : setup_rom.obj (.text:NOROM_SetupGetTrimForAdcShModeEn)
                  0000d130    00000018                   : setup_rom.obj (.text:NOROM_SetupGetTrimForAdcShVbufEn)
                  0000d148    00000018                   : setup_rom.obj (.text:NOROM_SetupGetTrimForAmpcompTh1)
                  0000d160    00000018                   : setup_rom.obj (.text:NOROM_SetupGetTrimForDblrLoopFilterResetVoltage)
                  0000d178    00000018                   : setup_rom.obj (.text:NOROM_SetupGetTrimForRcOscLfIBiasTrim)
                  0000d190    00000018                   : setup_rom.obj (.text:NOROM_SetupGetTrimForXoscLfRegulatorAndCmirrwrRatio)
                  0000d1a8    00000018     drivers_cc13x0.aem3 : PINCC26XX.oem3 (.text:PIN_getConfig)
                  0000d1c0    00000018                         : PowerCC26XX.oem3 (.text:Power_idleFunc)
                  0000d1d8    00000018     MQTTCC3100.obj (.text:ThreadStart)
                  0000d1f0    00000018     device.obj (.text:_sl_GetStartResponseConvert)
                  0000d208    00000018     drivers_cc13x0.aem3 : PowerCC26XX.oem3 (.text:configureRFCoreClocks)
                  0000d220    00000018     release_pem3.oem3 (.text:free)
                  0000d238    00000018     rom_sysbios.aem3 : rom_sysbios.obj (.text:pthread_attr_setschedparam)
                  0000d250    00000018     rtsv7M3_T_le_eabi.lib : args_main.obj (.text)
                  0000d268    00000018                           : ll_mul_t2.obj (.text)
                  0000d280    00000018                           : strcmp.obj (.text)
                  0000d298    00000018     release_pem3.oem3 (.text:ti_sysbios_BIOS_rtsUnlock__I)
                  0000d2b0    00000018     rom_sysbios.aem3 : rom_sysbios.obj (.text:ti_sysbios_knl_Swi_or__E)
                  0000d2c8    00000018     release_pem3.oem3 (.text:ti_sysbios_rom_cortexm_cc13xx_CC13xx_checkRevision__E)
                  0000d2e0    00000018     rom_sysbios.aem3 : rom_sysbios.obj (.text:xdc_runtime_Error_init__E)
                  0000d2f8    00000016     drivers_cc13x0.aem3 : List.oem3 (.text:List_remove)
                  0000d30e    00000016     driverlib.lib : chipinfo.obj (.text:NOROM_ThisLibraryIsFor_CC13x0_HwRev20AndLater_HaltIfViolated)
                  0000d324    00000016     driver.obj (.text:_SlDrvMemZero)
                  0000d33a    00000016     rom_sysbios.aem3 : rom_sysbios.obj (.text:_pthread_cleanup_pop)
                  0000d350    00000016                      : rom_sysbios.obj (.text:clockFxn$28)
[...]
1001c265  xdc_runtime_System_Module_GateProxy_query__E                              
1001c269  ti_sysbios_gates_GateMutex_delete                                         
1001c26d  ti_sysbios_gates_GateMutex_destruct                                       
1001c271  ti_sysbios_BIOS_RtsGateProxy_query__E                                     
1001c271  ti_sysbios_gates_GateMutex_query__E                                       
1001c271  ti_sysbios_heaps_HeapMem_Module_GateProxy_query__E                        
1001c275  ti_sysbios_hal_Hwi_HwiProxy_Module__startupDone__S                        
1001c279  ti_sysbios_hal_Hwi_HwiProxy_delete                                        
1001c27d  ti_sysbios_hal_Hwi_HwiProxy_disableInterrupt__E                           
1001c27d  ti_sysbios_hal_Hwi_disableInterrupt__E                                    
1001c281  ti_sysbios_hal_Hwi_HwiProxy_enableInterrupt__E                            
1001c281  ti_sysbios_hal_Hwi_enableInterrupt__E                                     
1001c285  ti_sysbios_hal_Hwi_HwiProxy_getStackInfo__E                               
1001c285  ti_sysbios_hal_Hwi_getStackInfo__E                                        
1001c289  ti_sysbios_hal_Hwi_HwiProxy_startup__E                                    
1001c289  ti_sysbios_hal_Hwi_startup__E                                             
1001c28d  ti_sysbios_hal_Hwi_HwiProxy_switchFromBootStack__E                        
1001c291  ti_sysbios_hal_Hwi_delete                                                 
1001c295  ti_sysbios_hal_Hwi_switchFromBootStack__E                                 
1001c299  ti_sysbios_heaps_HeapMem_Module_GateProxy_enter__E                        
1001c29d  ti_sysbios_heaps_HeapMem_Module_GateProxy_leave__E                        
1001c2a1  ti_sysbios_heaps_HeapMem_isBlocking__E                                    
1001c2a5  ti_sysbios_knl_Clock_TimerProxy_Module__startupDone__S                    
1001c2a9  ti_sysbios_knl_Clock_TimerProxy_getExpiredTicks__E                        
1001c2ad  ti_sysbios_knl_Clock_TimerProxy_getPeriod__E                              
1001c2b1  ti_sysbios_knl_Clock_delete                                               
1001c2b5  ti_sysbios_knl_Clock_destruct                                             
1001c2b9  ti_sysbios_knl_Clock_removeI__E                                           
1001c2bd  ti_sysbios_knl_Clock_setTimeout__E                                        
1001c2c1  ti_sysbios_knl_Mailbox_delete                                             
1001c2c5  ti_sysbios_knl_Mailbox_destruct                                           
1001c2c9  ti_sysbios_knl_Queue_delete                                               
1001c2cd  ti_sysbios_knl_Queue_destruct                                             
1001c2d1  ti_sysbios_knl_Queue_head__E                                              
1001c2d5  ti_sysbios_knl_Queue_next__E                                              
1001c2d9  ti_sysbios_knl_Semaphore_delete                                           
1001c2dd  ti_sysbios_knl_Semaphore_destruct                                         
1001c2e1  ti_sysbios_knl_Swi_delete                                                 
1001c2e5  ti_sysbios_knl_Swi_destruct                                               
1001c2e9  ti_sysbios_knl_Swi_postInit__I                                            
1001c2ed  ti_sysbios_knl_Task_SupportProxy_Module__startupDone__S                   
1001c2f1  ti_sysbios_knl_Task_SupportProxy_getStackAlignment__E                     
1001c2f5  ti_sysbios_knl_Task_SupportProxy_start__E                                 
1001c2f9  ti_sysbios_knl_Task_SupportProxy_swap__E                                  
1001c2fd  ti_sysbios_knl_Task_delete                                                
1001c301  ti_sysbios_knl_Task_destruct                                              
1001c305  ti_sysbios_knl_Task_startup__E                                            
1001c309  xdc_runtime_Startup_startMods__I                                          
1001c401  xdc_runtime_Core_createObject__I                                          
1001c483  xdc_runtime_Error_policySpin__E                                           
1001c485  xdc_runtime_Memory_alloc__E                                               
1001c4f5  xdc_runtime_Core_deleteObject__I                                          
1001c555  xdc_runtime_Startup_exec__E                                               
1001c5a5  xdc_runtime_Assert_raise__I                                               
1001c5ed  xdc_runtime_Core_assignParams__I                                          
1001c635  xdc_runtime_Core_constructObject__I                                       
1001c67d  xdc_runtime_System_atexit__E                                              
1001c6b5  xdc_runtime_System_processAtExit__E                                       
1001c6e9  xdc_runtime_Core_assignLabel__I                                           
1001c719  xdc_runtime_Text_cordText__E                                              
1001c745  xdc_runtime_System_abort__E                                               
1001c765  xdc_runtime_Error_raiseX__E                                               
1001c781  xdc_runtime_Memory_valloc__E                                              
1001c79d  xdc_runtime_Core_destructObject__I                                        
1001c7b5  xdc_runtime_Error_check__E                                                
1001c7cd  xdc_runtime_System_exit__E                                                
1001c7e5  xdc_runtime_Text_ropeText__E                                              
1001c7fd  xdc_runtime_Memory_free__E                                                
1001c80d  xdc_runtime_SysCallback_abort__E                                          
1001c81d  xdc_runtime_SysCallback_exit__E                                           
1001c82d  xdc_runtime_Timestamp_SupportProxy_get32__E                               
1001c82d  xdc_runtime_Timestamp_get32__E                                            
1001c849  xdc_runtime_Memory_calloc__E                                              
1001c855  xdc_runtime_Memory_getMaxDefaultTypeAlign__E                              
1001c875  xdc_runtime_Gate_leaveSystem__E                                           
1001c87b  xdc_runtime_System_Module_startup__E                                      
1001c881  xdc_runtime_Gate_enterSystem__E                                           
1001c885  xdc_runtime_Memory_HeapProxy_alloc__E                                     
1001c889  xdc_runtime_Memory_HeapProxy_free__E                                      
1001c88d  xdc_runtime_System_Module_GateProxy_enter__E                              
1001c891  xdc_runtime_System_Module_GateProxy_leave__E                              
1001c895  xdc_runtime_System_abortSpin__E                                           
1001c897  xdc_runtime_System_exitSpin__E                                            
1001c899  ti_sysbios_family_arm_m3_Hwi_dispatch__I                                  
1001c969  ti_sysbios_family_arm_m3_TaskSupport_buildTaskStack                       
1001c9b5  ti_sysbios_family_arm_m3_Hwi_initStacks__E                                
1001c9fd  ti_sysbios_family_arm_m3_Hwi_excHandlerAsm__I                             
1001ca1d  ti_sysbios_family_xxx_Hwi_switchAndRunFunc                                
1001ca3b  ti_sysbios_family_arm_m3_Hwi_pendSV__I                                    
1001ca53  ti_sysbios_family_arm_m3_Hwi_return                                       
1001ca55  ti_sysbios_family_arm_m3_TaskSupport_glue                                 
1001ca65  ti_sysbios_family_arm_m3_TaskSupport_swap__E                              
1001ca6d  ti_sysbios_knl_Task_swapReturn                                            
1001ca97  ti_sysbios_rom_cortexm_cc13xx_CC13xx_getRevision__E                       
20000000  ti_sysbios_family_arm_m3_Hwi_ramVectors                                   
20000100  ti_sysbios_knl_Task_Module__state__V                                      
20000144  ti_sysbios_family_arm_m3_Hwi_Module__state__V                             
20000178  ti_sysbios_knl_Clock_Module__state__V                                     
200001a4  ti_sysbios_BIOS_Module__state__V                                          
200001c8  ti_sysbios_knl_Swi_Module__state__V                                       
200001e4  ti_sysbios_family_arm_cc26xx_Timer_Module__state__V                       
200001ec  ti_sysbios_family_arm_cc26xx_TimestampProvider_Module__state__V           
200001f0  xdc_runtime_Startup_Module__state__V                                      
200001f8  xdc_runtime_System_Module__state__V                                       
20000200  xdc_runtime_Memory_Module__state__V                                       
20000520  __primary_heap_start__                                                    
20003520  __primary_heap_end__                                                      
200037b8  ti_sysbios_knl_Task_Instance_State_0_stack__A                             
200039b8  spiCC26XXDMAObjects                                                       
20003b70  __CIOBUF_                                                                 
20003c90  gptimerCC26XXObjects                                                      
20003db0  pwmtimerCC26xxObjects                                                     
20003eb0  xdc_runtime_SysMin_Module_State_0_outbuf__A                               
20003fb0  tokens                                                                    
20004080  ti_sysbios_family_arm_m3_Hwi_dispatchTable                                
20004148  g_SlInternalSpawnCB                                                       
200041f4  __TI_tmpnams                                                              
20004294  fullResponseBuffer                                                        
200042f8  responseBuffer                                                            
2000432c  udmaObjects                                                               
200043a4  connection_message                                                        
200043b0  jParser                                                                   
200043bc  valueBuffer                                                               
200043c8  PowerCC26XX_taskKey                                                       
200043cc  PowerCC26XX_swiKey                                                        
200043d8  parmbuf                                                                   
200043f0  ClockP_tickPeriod                                                         
200043f4  MilliTimer                                                                
200043f8  spi                                                                       
200043fc  currentPwm                                                                
200043fe  RxIrqCnt                                                                  
200043ff  driverlib_release_0_49471                                                 
20004400  g_bDeviceRestartIsRequired                                                
20004408  pinUpperBound                                                             
2000440c  pinLowerBound                                                             
200044a0  pinHandleTable                                                            
2000451c  PowerCC26XX_module                                                        
20004630  _ftable                                                                   
20004720  ti_sysbios_knl_Task_Module_State_0_readyQ__A                              
200047a0  _device                                                                   
20004888  _stream                                                                   
200048d8  ti_sysbios_knl_Task_Object__table__V                                      
20004924  errno                                                                     
20004928  ti_sysbios_family_arm_cc26xx_Timer_Object__table__V                       
20004970  ti_sysbios_knl_Swi_Module_State_0_readyQ__A                               
200049b0  ti_sysbios_gates_GateMutex_Object__table__V                               
200049e8  ti_sysbios_knl_Swi_Object__table__V                                       
20004a18  subscriptions                                                             
20004a40  ti_sysbios_knl_Clock_Object__table__V                                     
20004a60  xdc_runtime_Error_IgnoreBlock                                             
20004a98  ti_sysbios_family_arm_m3_Hwi_Object__table__V                             
20004ab0  ti_sysbios_heaps_HeapMem_Object__table__V                                 
20004ad8  __TI_ft_end                                                               
20004adc  __aeabi_stdin                                                             
20004ae0  __aeabi_stdout                                                            
20004ae4  __aeabi_stderr                                                            
20004ae8  __TI_cleanup_ptr                                                          
20004aec  __TI_dtors_ptr                                                            
20004af0  __TI_enable_exit_profile_output                                           
20004af4  wifiPinTable                                                              
20004b00  xdc_runtime_SysMin_Module__state__V                                       
20004b0c  g_pCB                                                                     
20004b10  pPingCallBackFunc                                                         
20004b15  connectionStatus                                                          
20004b16  ipStatus                                                                  
20004b18  _lock                                                                     
20004b1c  _unlock                                                                   
20004b28  ledPinTable                                                               
20004b30  ti_sysbios_family_arm_cc26xx_Seconds_Module__state__V                     
20004b38  ti_sysbios_family_arm_m3_Hwi_Module__root__V                              
20004b40  ti_sysbios_gates_GateHwi_Module__root__V                                  
20004b48  ti_sysbios_gates_GateMutex_Module__root__V                                
20004b50  ti_sysbios_hal_Hwi_Module__root__V                                        
20004b58  ti_sysbios_heaps_HeapMem_Module__root__V                                  
20004b60  ti_sysbios_knl_Clock_Module__root__V                                      
20004b68  ti_sysbios_knl_Mailbox_Module__root__V                                    
20004b70  ti_sysbios_knl_Queue_Module__root__V                                      
20004b78  ti_sysbios_knl_Semaphore_Module__root__V                                  
20004b80  ti_sysbios_knl_Swi_Module__root__V                                        
20004b88  ti_sysbios_knl_Task_Module__root__V                                       
20004b90  xdc_runtime_System_Module_State_0_atexitHandlers__A                       
20004ba0  main_func_sp                                                              
20004ba8  ti_sysbios_family_arm_m3_Hwi_Module_State_0_excContext__A                 
20004bac  ti_sysbios_family_arm_m3_Hwi_Module_State_0_excStack__A                   
20004bb0  ti_sysbios_knl_Task_Module_State_0_idleTask__A                            
20004bb4  subscriptionsSize                                                         
20004bb8  ti_sysbios_family_arm_m3_Hwi_Module_State_0_excActive__A                  
20004c00  __stack                                                                   
20005000  __STACK_END                                                               
e000e000  ti_sysbios_family_arm_m3_Hwi_nvic                                         
ffffffff  __TI_pprof_out_hndl                                                       
ffffffff  __TI_prof_data_size                                                       
ffffffff  __TI_prof_data_start                                                      
ffffffff  __binit__                                                                 
ffffffff  __c_args__                                                                
ffffffff  binit                                                                     
UNDEFED   ClockP_getSystemTicks                                                     
UNDEFED   HwiP_restore                                                              
UNDEFED   SHT$$INIT_ARRAY$$Base                                                     
UNDEFED   SHT$$INIT_ARRAY$$Limit                                                    
UNDEFED   SwiP_restore                                                              
UNDEFED   ti_sysbios_BIOS_RtsGateProxy_Handle__label__S__mangled__                  
UNDEFED   ti_sysbios_BIOS_RtsGateProxy_Params__init__S__mangled__                   
UNDEFED   ti_sysbios_BIOS_RtsGateProxy_query__E__mangled__                          
UNDEFED   ti_sysbios_hal_Hwi_HwiProxy_Module__startupDone__S__mangled__             
UNDEFED   ti_sysbios_hal_Hwi_HwiProxy_Params__init__S__mangled__                    
UNDEFED   ti_sysbios_hal_Hwi_HwiProxy_disableInterrupt__E__mangled__                
UNDEFED   ti_sysbios_hal_Hwi_HwiProxy_enableInterrupt__E__mangled__                 
UNDEFED   ti_sysbios_hal_Hwi_HwiProxy_getStackInfo__E__mangled__                    
UNDEFED   ti_sysbios_hal_Hwi_HwiProxy_startup__E__mangled__                         
UNDEFED   ti_sysbios_hal_Hwi_HwiProxy_switchFromBootStack__E__mangled__             
UNDEFED   ti_sysbios_hal_Hwi_disableInterrupt__E                                    
UNDEFED   ti_sysbios_hal_Hwi_enableInterrupt__E                                     
UNDEFED   ti_sysbios_hal_Hwi_getStackInfo__E                                        
UNDEFED   ti_sysbios_hal_Hwi_startup__E                                             
UNDEFED   ti_sysbios_hal_Hwi_switchFromBootStack__E                                 
UNDEFED   ti_sysbios_heaps_HeapMem_Module_GateProxy_Handle__label__S__mangled__     
UNDEFED   ti_sysbios_heaps_HeapMem_Module_GateProxy_Params__init__S__mangled__      
UNDEFED   ti_sysbios_heaps_HeapMem_Module_GateProxy_query__E__mangled__             
UNDEFED   ti_sysbios_knl_Clock_TimerProxy_Module__startupDone__S__mangled__         
UNDEFED   ti_sysbios_knl_Clock_TimerProxy_startup__E__mangled__                     
UNDEFED   ti_sysbios_knl_Task_SupportProxy_Module__startupDone__S__mangled__        
UNDEFED   ti_sysbios_knl_Task_SupportProxy_getStackAlignment__E__mangled__          
UNDEFED   ti_sysbios_knl_Task_SupportProxy_start__E__mangled__                      
UNDEFED   ti_sysbios_knl_Task_SupportProxy_swap__E__mangled__                       
UNDEFED   xdc_runtime_Main_Module_GateProxy_Handle__label__S                        
UNDEFED   xdc_runtime_Main_Module_GateProxy_query__E                                
UNDEFED   xdc_runtime_Memory_HeapProxy_Handle__label__S__mangled__                  
UNDEFED   xdc_runtime_System_Module_GateProxy_Handle__label__S__mangled__           
UNDEFED   xdc_runtime_System_Module_GateProxy_query__E__mangled__                   
UNDEFED   xdc_runtime_Timestamp_SupportProxy_get64__E__mangled__                    
UNDEFED   xdc_runtime_Timestamp_SupportProxy_getFreq__E__mangled__                  
UNDEFED   xdc_runtime_Timestamp_get32__E                                            
UNDEFED   xdc_runtime_Timestamp_get64__E                                            
UNDEFED   xdc_runtime_Timestamp_getFreq__E                                          

[1104 symbols]
